Archive member included to satisfy reference by file (symbol)

/usr/lib/gcc/arm-none-eabi/9.2.1/../../../arm-none-eabi/lib/thumb/v7e-m/nofp/libstdc++_nano.a(eh_personality.o)
                              CMakeFiles/fc_soft.elf.dir/Src/bmp180.cxx.obj (__gxx_personality_v0)
/usr/lib/gcc/arm-none-eabi/9.2.1/../../../arm-none-eabi/lib/thumb/v7e-m/nofp/libstdc++_nano.a(eh_terminate.o)
                              /usr/lib/gcc/arm-none-eabi/9.2.1/../../../arm-none-eabi/lib/thumb/v7e-m/nofp/libstdc++_nano.a(eh_personality.o) (std::terminate())
/usr/lib/gcc/arm-none-eabi/9.2.1/../../../arm-none-eabi/lib/thumb/v7e-m/nofp/libstdc++_nano.a(eh_unex_handler.o)
                              /usr/lib/gcc/arm-none-eabi/9.2.1/../../../arm-none-eabi/lib/thumb/v7e-m/nofp/libstdc++_nano.a(eh_terminate.o) (__cxxabiv1::__unexpected_handler)
/usr/lib/gcc/arm-none-eabi/9.2.1/../../../arm-none-eabi/lib/thumb/v7e-m/nofp/libstdc++_nano.a(eh_arm.o)
                              /usr/lib/gcc/arm-none-eabi/9.2.1/../../../arm-none-eabi/lib/thumb/v7e-m/nofp/libstdc++_nano.a(eh_personality.o) (__cxa_type_match)
/usr/lib/gcc/arm-none-eabi/9.2.1/../../../arm-none-eabi/lib/thumb/v7e-m/nofp/libstdc++_nano.a(eh_call.o)
                              /usr/lib/gcc/arm-none-eabi/9.2.1/../../../arm-none-eabi/lib/thumb/v7e-m/nofp/libstdc++_nano.a(eh_personality.o) (__cxa_call_terminate)
/usr/lib/gcc/arm-none-eabi/9.2.1/../../../arm-none-eabi/lib/thumb/v7e-m/nofp/libstdc++_nano.a(eh_catch.o)
                              /usr/lib/gcc/arm-none-eabi/9.2.1/../../../arm-none-eabi/lib/thumb/v7e-m/nofp/libstdc++_nano.a(eh_call.o) (__cxa_begin_catch)
/usr/lib/gcc/arm-none-eabi/9.2.1/../../../arm-none-eabi/lib/thumb/v7e-m/nofp/libstdc++_nano.a(eh_exception.o)
                              /usr/lib/gcc/arm-none-eabi/9.2.1/../../../arm-none-eabi/lib/thumb/v7e-m/nofp/libstdc++_nano.a(eh_arm.o) (typeinfo for __cxxabiv1::__forced_unwind)
/usr/lib/gcc/arm-none-eabi/9.2.1/../../../arm-none-eabi/lib/thumb/v7e-m/nofp/libstdc++_nano.a(eh_globals.o)
                              /usr/lib/gcc/arm-none-eabi/9.2.1/../../../arm-none-eabi/lib/thumb/v7e-m/nofp/libstdc++_nano.a(eh_catch.o) (__cxa_get_globals_fast)
/usr/lib/gcc/arm-none-eabi/9.2.1/../../../arm-none-eabi/lib/thumb/v7e-m/nofp/libstdc++_nano.a(eh_term_handler.o)
                              /usr/lib/gcc/arm-none-eabi/9.2.1/../../../arm-none-eabi/lib/thumb/v7e-m/nofp/libstdc++_nano.a(eh_terminate.o) (__cxxabiv1::__terminate_handler)
/usr/lib/gcc/arm-none-eabi/9.2.1/../../../arm-none-eabi/lib/thumb/v7e-m/nofp/libstdc++_nano.a(pure.o)
                              /usr/lib/gcc/arm-none-eabi/9.2.1/../../../arm-none-eabi/lib/thumb/v7e-m/nofp/libstdc++_nano.a(eh_exception.o) (__cxa_pure_virtual)
/usr/lib/gcc/arm-none-eabi/9.2.1/../../../arm-none-eabi/lib/thumb/v7e-m/nofp/libstdc++_nano.a(si_class_type_info.o)
                              /usr/lib/gcc/arm-none-eabi/9.2.1/../../../arm-none-eabi/lib/thumb/v7e-m/nofp/libstdc++_nano.a(eh_exception.o) (vtable for __cxxabiv1::__si_class_type_info)
/usr/lib/gcc/arm-none-eabi/9.2.1/../../../arm-none-eabi/lib/thumb/v7e-m/nofp/libstdc++_nano.a(tinfo.o)
                              /usr/lib/gcc/arm-none-eabi/9.2.1/../../../arm-none-eabi/lib/thumb/v7e-m/nofp/libstdc++_nano.a(si_class_type_info.o) (std::type_info::__is_pointer_p() const)
/usr/lib/gcc/arm-none-eabi/9.2.1/../../../arm-none-eabi/lib/thumb/v7e-m/nofp/libstdc++_nano.a(class_type_info.o)
                              /usr/lib/gcc/arm-none-eabi/9.2.1/../../../arm-none-eabi/lib/thumb/v7e-m/nofp/libstdc++_nano.a(si_class_type_info.o) (__cxxabiv1::__class_type_info::__do_upcast(__cxxabiv1::__class_type_info const*, void**) const)
/usr/lib/gcc/arm-none-eabi/9.2.1/../../../arm-none-eabi/lib/thumb/v7e-m/nofp/libstdc++_nano.a(del_ops.o)
                              /usr/lib/gcc/arm-none-eabi/9.2.1/../../../arm-none-eabi/lib/thumb/v7e-m/nofp/libstdc++_nano.a(eh_exception.o) (operator delete(void*, unsigned int))
/usr/lib/gcc/arm-none-eabi/9.2.1/../../../arm-none-eabi/lib/thumb/v7e-m/nofp/libstdc++_nano.a(del_op.o)
                              /usr/lib/gcc/arm-none-eabi/9.2.1/../../../arm-none-eabi/lib/thumb/v7e-m/nofp/libstdc++_nano.a(del_ops.o) (operator delete(void*))
/usr/lib/gcc/arm-none-eabi/9.2.1/../../../arm-none-eabi/lib/thumb/v7e-m/nofp/libm.a(lib_a-sf_atan.o)
                              CMakeFiles/fc_soft.elf.dir/Src/mpu6000.cxx.obj (atanf)
/usr/lib/gcc/arm-none-eabi/9.2.1/../../../arm-none-eabi/lib/thumb/v7e-m/nofp/libm.a(lib_a-sf_fabs.o)
                              /usr/lib/gcc/arm-none-eabi/9.2.1/../../../arm-none-eabi/lib/thumb/v7e-m/nofp/libm.a(lib_a-sf_atan.o) (fabsf)
/usr/lib/gcc/arm-none-eabi/9.2.1/../../../arm-none-eabi/lib/thumb/v7e-m/nofp/libm.a(lib_a-w_sqrt.o)
                              CMakeFiles/fc_soft.elf.dir/Src/MadgwickAHRS.c.obj (sqrt)
/usr/lib/gcc/arm-none-eabi/9.2.1/../../../arm-none-eabi/lib/thumb/v7e-m/nofp/libm.a(lib_a-wf_asin.o)
[...]
Memory Configuration

Name             Origin             Length             Attributes
RAM              0x0000000020000000 0x0000000000020000 xrw
CCMRAM           0x0000000010000000 0x0000000000010000 xrw
FLASH            0x0000000008000000 0x0000000000100000 xr
*default*        0x0000000000000000 0xffffffffffffffff

Linker script and memory map

LOAD /usr/lib/gcc/arm-none-eabi/9.2.1/thumb/v7e-m/nofp/crti.o
LOAD /usr/lib/gcc/arm-none-eabi/9.2.1/thumb/v7e-m/nofp/crtbegin.o
LOAD /usr/lib/gcc/arm-none-eabi/9.2.1/../../../arm-none-eabi/lib/thumb/v7e-m/nofp/crt0.o
LOAD CMakeFiles/fc_soft.elf.dir/Drivers/STM32F4xx_StdPeriph_Driver/src/misc.c.obj
LOAD CMakeFiles/fc_soft.elf.dir/Drivers/STM32F4xx_StdPeriph_Driver/src/stm32f4xx_adc.c.obj
LOAD CMakeFiles/fc_soft.elf.dir/Drivers/STM32F4xx_StdPeriph_Driver/src/stm32f4xx_can.c.obj
LOAD CMakeFiles/fc_soft.elf.dir/Drivers/STM32F4xx_StdPeriph_Driver/src/stm32f4xx_cec.c.obj
LOAD CMakeFiles/fc_soft.elf.dir/Drivers/STM32F4xx_StdPeriph_Driver/src/stm32f4xx_crc.c.obj
LOAD CMakeFiles/fc_soft.elf.dir/Drivers/STM32F4xx_StdPeriph_Driver/src/stm32f4xx_cryp.c.obj
LOAD CMakeFiles/fc_soft.elf.dir/Drivers/STM32F4xx_StdPeriph_Driver/src/stm32f4xx_cryp_aes.c.obj
LOAD CMakeFiles/fc_soft.elf.dir/Drivers/STM32F4xx_StdPeriph_Driver/src/stm32f4xx_cryp_des.c.obj
LOAD CMakeFiles/fc_soft.elf.dir/Drivers/STM32F4xx_StdPeriph_Driver/src/stm32f4xx_cryp_tdes.c.obj
LOAD CMakeFiles/fc_soft.elf.dir/Drivers/STM32F4xx_StdPeriph_Driver/src/stm32f4xx_dac.c.obj
LOAD CMakeFiles/fc_soft.elf.dir/Drivers/STM32F4xx_StdPeriph_Driver/src/stm32f4xx_dbgmcu.c.obj
LOAD CMakeFiles/fc_soft.elf.dir/Drivers/STM32F4xx_StdPeriph_Driver/src/stm32f4xx_dcmi.c.obj
LOAD CMakeFiles/fc_soft.elf.dir/Drivers/STM32F4xx_StdPeriph_Driver/src/stm32f4xx_dfsdm.c.obj
LOAD CMakeFiles/fc_soft.elf.dir/Drivers/STM32F4xx_StdPeriph_Driver/src/stm32f4xx_dma.c.obj
LOAD CMakeFiles/fc_soft.elf.dir/Drivers/STM32F4xx_StdPeriph_Driver/src/stm32f4xx_dsi.c.obj
LOAD CMakeFiles/fc_soft.elf.dir/Drivers/STM32F4xx_StdPeriph_Driver/src/stm32f4xx_exti.c.obj
LOAD CMakeFiles/fc_soft.elf.dir/Drivers/STM32F4xx_StdPeriph_Driver/src/stm32f4xx_flash.c.obj
LOAD CMakeFiles/fc_soft.elf.dir/Drivers/STM32F4xx_StdPeriph_Driver/src/stm32f4xx_flash_ramfunc.c.obj
LOAD CMakeFiles/fc_soft.elf.dir/Drivers/STM32F4xx_StdPeriph_Driver/src/stm32f4xx_fmpi2c.c.obj
LOAD CMakeFiles/fc_soft.elf.dir/Drivers/STM32F4xx_StdPeriph_Driver/src/stm32f4xx_fsmc.c.obj
LOAD CMakeFiles/fc_soft.elf.dir/Drivers/STM32F4xx_StdPeriph_Driver/src/stm32f4xx_gpio.c.obj
LOAD CMakeFiles/fc_soft.elf.dir/Drivers/STM32F4xx_StdPeriph_Driver/src/stm32f4xx_hash.c.obj
LOAD CMakeFiles/fc_soft.elf.dir/Drivers/STM32F4xx_StdPeriph_Driver/src/stm32f4xx_hash_md5.c.obj
LOAD CMakeFiles/fc_soft.elf.dir/Drivers/STM32F4xx_StdPeriph_Driver/src/stm32f4xx_hash_sha1.c.obj
LOAD CMakeFiles/fc_soft.elf.dir/Drivers/STM32F4xx_StdPeriph_Driver/src/stm32f4xx_i2c.c.obj
LOAD CMakeFiles/fc_soft.elf.dir/Drivers/STM32F4xx_StdPeriph_Driver/src/stm32f4xx_iwdg.c.obj
LOAD CMakeFiles/fc_soft.elf.dir/Drivers/STM32F4xx_StdPeriph_Driver/src/stm32f4xx_lptim.c.obj
LOAD CMakeFiles/fc_soft.elf.dir/Drivers/STM32F4xx_StdPeriph_Driver/src/stm32f4xx_ltdc.c.obj
LOAD CMakeFiles/fc_soft.elf.dir/Drivers/STM32F4xx_StdPeriph_Driver/src/stm32f4xx_pwr.c.obj
LOAD CMakeFiles/fc_soft.elf.dir/Drivers/STM32F4xx_StdPeriph_Driver/src/stm32f4xx_qspi.c.obj
LOAD CMakeFiles/fc_soft.elf.dir/Drivers/STM32F4xx_StdPeriph_Driver/src/stm32f4xx_rcc.c.obj
LOAD CMakeFiles/fc_soft.elf.dir/Drivers/STM32F4xx_StdPeriph_Driver/src/stm32f4xx_rng.c.obj
LOAD CMakeFiles/fc_soft.elf.dir/Drivers/STM32F4xx_StdPeriph_Driver/src/stm32f4xx_rtc.c.obj
LOAD CMakeFiles/fc_soft.elf.dir/Drivers/STM32F4xx_StdPeriph_Driver/src/stm32f4xx_sai.c.obj
LOAD CMakeFiles/fc_soft.elf.dir/Drivers/STM32F4xx_StdPeriph_Driver/src/stm32f4xx_sdio.c.obj
LOAD CMakeFiles/fc_soft.elf.dir/Drivers/STM32F4xx_StdPeriph_Driver/src/stm32f4xx_spdifrx.c.obj
LOAD CMakeFiles/fc_soft.elf.dir/Drivers/STM32F4xx_StdPeriph_Driver/src/stm32f4xx_spi.c.obj
LOAD CMakeFiles/fc_soft.elf.dir/Drivers/STM32F4xx_StdPeriph_Driver/src/stm32f4xx_syscfg.c.obj
LOAD CMakeFiles/fc_soft.elf.dir/Drivers/STM32F4xx_StdPeriph_Driver/src/stm32f4xx_tim.c.obj
LOAD CMakeFiles/fc_soft.elf.dir/Drivers/STM32F4xx_StdPeriph_Driver/src/stm32f4xx_usart.c.obj
LOAD CMakeFiles/fc_soft.elf.dir/Drivers/STM32F4xx_StdPeriph_Driver/src/stm32f4xx_wwdg.c.obj
LOAD CMakeFiles/fc_soft.elf.dir/Drivers/STM32_USB_Device_Library/Class/cdc/src/usbd_cdc_core.c.obj
LOAD CMakeFiles/fc_soft.elf.dir/Drivers/STM32_USB_Device_Library/Core/src/usbd_core.c.obj
LOAD CMakeFiles/fc_soft.elf.dir/Drivers/STM32_USB_Device_Library/Core/src/usbd_ioreq.c.obj
LOAD CMakeFiles/fc_soft.elf.dir/Drivers/STM32_USB_Device_Library/Core/src/usbd_req.c.obj
LOAD CMakeFiles/fc_soft.elf.dir/Drivers/STM32_USB_OTG_Driver/src/usb_core.c.obj
LOAD CMakeFiles/fc_soft.elf.dir/Drivers/STM32_USB_OTG_Driver/src/usb_dcd.c.obj
LOAD CMakeFiles/fc_soft.elf.dir/Drivers/STM32_USB_OTG_Driver/src/usb_dcd_int.c.obj
LOAD CMakeFiles/fc_soft.elf.dir/Drivers/vcp/src/stm32f4xx_it.c.obj
LOAD CMakeFiles/fc_soft.elf.dir/Drivers/vcp/src/usb_bsp.c.obj
LOAD CMakeFiles/fc_soft.elf.dir/Drivers/vcp/src/usbd_cdc_vcp.c.obj
LOAD CMakeFiles/fc_soft.elf.dir/Drivers/vcp/src/usbd_desc.c.obj
LOAD CMakeFiles/fc_soft.elf.dir/Drivers/vcp/src/usbd_usr.c.obj
LOAD CMakeFiles/fc_soft.elf.dir/Src/MadgwickAHRS.c.obj
LOAD CMakeFiles/fc_soft.elf.dir/Src/bmp180.cxx.obj
LOAD CMakeFiles/fc_soft.elf.dir/Src/hcsr04.c.obj
LOAD CMakeFiles/fc_soft.elf.dir/Src/iic.cxx.obj
LOAD CMakeFiles/fc_soft.elf.dir/Src/kalman_filter.c.obj
LOAD CMakeFiles/fc_soft.elf.dir/Src/m25p16.cxx.obj
LOAD CMakeFiles/fc_soft.elf.dir/Src/main.cxx.obj
LOAD CMakeFiles/fc_soft.elf.dir/Src/mpu6000.cxx.obj
LOAD CMakeFiles/fc_soft.elf.dir/Src/pid.cxx.obj
LOAD CMakeFiles/fc_soft.elf.dir/Src/setup.cxx.obj
LOAD CMakeFiles/fc_soft.elf.dir/Src/spi.cxx.obj
LOAD CMakeFiles/fc_soft.elf.dir/Src/syscalls.c.obj
LOAD CMakeFiles/fc_soft.elf.dir/Src/system_init.cxx.obj
LOAD CMakeFiles/fc_soft.elf.dir/Src/system_stm32f4xx.c.obj
LOAD CMakeFiles/fc_soft.elf.dir/Src/uart.cxx.obj
LOAD CMakeFiles/fc_soft.elf.dir/startup/startup_stm32f405xx.s.obj
LOAD /usr/lib/gcc/arm-none-eabi/9.2.1/../../../arm-none-eabi/lib/thumb/v7e-m/nofp/libstdc++_nano.a
LOAD /usr/lib/gcc/arm-none-eabi/9.2.1/../../../arm-none-eabi/lib/thumb/v7e-m/nofp/libm.a
START GROUP
LOAD /usr/lib/gcc/arm-none-eabi/9.2.1/thumb/v7e-m/nofp/libgcc.a
LOAD /usr/lib/gcc/arm-none-eabi/9.2.1/../../../arm-none-eabi/lib/thumb/v7e-m/nofp/libg_nano.a
LOAD /usr/lib/gcc/arm-none-eabi/9.2.1/../../../arm-none-eabi/lib/thumb/v7e-m/nofp/libc_nano.a
END GROUP
START GROUP
LOAD /usr/lib/gcc/arm-none-eabi/9.2.1/thumb/v7e-m/nofp/libgcc.a
LOAD /usr/lib/gcc/arm-none-eabi/9.2.1/../../../arm-none-eabi/lib/thumb/v7e-m/nofp/libc_nano.a
END GROUP
LOAD /usr/lib/gcc/arm-none-eabi/9.2.1/thumb/v7e-m/nofp/crtend.o
LOAD /usr/lib/gcc/arm-none-eabi/9.2.1/thumb/v7e-m/nofp/crtn.o
                0x0000000020020000                _estack = 0x20020000
                0x0000000000000200                _Min_Heap_Size = 0x200
                0x0000000000000400                _Min_Stack_Size = 0x400

.isr_vector     0x0000000008000000      0x188
                0x0000000008000000                . = ALIGN (0x4)
 *(.isr_vector)
 .isr_vector    0x0000000008000000      0x188 CMakeFiles/fc_soft.elf.dir/startup/startup_stm32f405xx.s.obj
                0x0000000008000000                g_pfnVectors
                0x0000000008000188                . = ALIGN (0x4)

.text           0x00000000080001c0     0xe79c
                0x00000000080001c0                . = ALIGN (0x4)
 *(.text)
 .text          0x00000000080001c0       0x88 /usr/lib/gcc/arm-none-eabi/9.2.1/thumb/v7e-m/nofp/crtbegin.o
 .text          0x0000000008000248      0x218 /usr/lib/gcc/arm-none-eabi/9.2.1/../../../arm-none-eabi/lib/thumb/v7e-m/nofp/libm.a(lib_a-sf_atan.o)
                0x0000000008000248                atanf
 .text          0x0000000008000460        0x8 /usr/lib/gcc/arm-none-eabi/9.2.1/../../../arm-none-eabi/lib/thumb/v7e-m/nofp/libm.a(lib_a-sf_fabs.o)
                0x0000000008000460                fabsf
 .text          0x0000000008000468       0x4c /usr/lib/gcc/arm-none-eabi/9.2.1/../../../arm-none-eabi/lib/thumb/v7e-m/nofp/libm.a(lib_a-wf_asin.o)
                0x0000000008000468                asinf
 .text          0x00000000080004b4        0x4 /usr/lib/gcc/arm-none-eabi/9.2.1/../../../arm-none-eabi/lib/thumb/v7e-m/nofp/libm.a(lib_a-wf_atan2.o)
                0x00000000080004b4                atan2f
 .text          0x00000000080004b8       0x5c /usr/lib/gcc/arm-none-eabi/9.2.1/../../../arm-none-eabi/lib/thumb/v7e-m/nofp/libm.a(lib_a-wf_exp.o)
                0x00000000080004b8                expf
 .text          0x0000000008000514      0x114 /usr/lib/gcc/arm-none-eabi/9.2.1/../../../arm-none-eabi/lib/thumb/v7e-m/nofp/libm.a(lib_a-wf_pow.o)
                0x0000000008000514                powf
 .text          0x0000000008000628       0x48 /usr/lib/gcc/arm-none-eabi/9.2.1/../../../arm-none-eabi/lib/thumb/v7e-m/nofp/libm.a(lib_a-wf_sqrt.o)
                0x0000000008000628                sqrtf
 .text          0x0000000008000670      0x298 /usr/lib/gcc/arm-none-eabi/9.2.1/../../../arm-none-eabi/lib/thumb/v7e-m/nofp/libm.a(lib_a-ef_asin.o)
                0x0000000008000670                __ieee754_asinf
 .text          0x0000000008000908      0x120 /usr/lib/gcc/arm-none-eabi/9.2.1/../../../arm-none-eabi/lib/thumb/v7e-m/nofp/libm.a(lib_a-ef_atan2.o)
                0x0000000008000908                __ieee754_atan2f
 .text          0x0000000008000a28      0x234 /usr/lib/gcc/arm-none-eabi/9.2.1/../../../arm-none-eabi/lib/thumb/v7e-m/nofp/libm.a(lib_a-ef_exp.o)
                0x0000000008000a28                __ieee754_expf
 .text          0x0000000008000c5c      0x708 /usr/lib/gcc/arm-none-eabi/9.2.1/../../../arm-none-eabi/lib/thumb/v7e-m/nofp/libm.a(lib_a-ef_pow.o)
                0x0000000008000c5c                __ieee754_powf
 .text          0x0000000008001364       0xac /usr/lib/gcc/arm-none-eabi/9.2.1/../../../arm-none-eabi/lib/thumb/v7e-m/nofp/libm.a(lib_a-ef_sqrt.o)
                0x0000000008001364                __ieee754_sqrtf
 .text          0x0000000008001410       0x10 /usr/lib/gcc/arm-none-eabi/9.2.1/../../../arm-none-eabi/lib/thumb/v7e-m/nofp/libm.a(lib_a-sf_finite.o)
                0x0000000008001410                finitef
 .text          0x0000000008001420        0x8 /usr/lib/gcc/arm-none-eabi/9.2.1/../../../arm-none-eabi/lib/thumb/v7e-m/nofp/libm.a(lib_a-sf_nan.o)
                0x0000000008001420                nanf
 .text          0x0000000008001428       0xa8 /usr/lib/gcc/arm-none-eabi/9.2.1/../../../arm-none-eabi/lib/thumb/v7e-m/nofp/libm.a(lib_a-sf_rint.o)
                0x0000000008001428                rintf
 .text          0x00000000080014d0       0xa8 /usr/lib/gcc/arm-none-eabi/9.2.1/../../../arm-none-eabi/lib/thumb/v7e-m/nofp/libm.a(lib_a-sf_scalbn.o)
                0x00000000080014d0                scalbnf
 .text          0x0000000008001578      0x378 /usr/lib/gcc/arm-none-eabi/9.2.1/thumb/v7e-m/nofp/libgcc.a(_arm_addsubdf3.o)
                0x0000000008001578                __aeabi_drsub
                0x0000000008001580                __aeabi_dsub
                0x0000000008001580                __subdf3
                0x0000000008001584                __adddf3
                0x0000000008001584                __aeabi_dadd
                0x00000000080017fc                __aeabi_ui2d
                0x00000000080017fc                __floatunsidf
                0x000000000800181c                __floatsidf
                0x000000000800181c                __aeabi_i2d
                0x0000000008001840                __extendsfdf2
                0x0000000008001840                __aeabi_f2d
                0x0000000008001884                __aeabi_ul2d
                0x0000000008001884                __floatundidf
                0x0000000008001894                __floatdidf
                0x0000000008001894                __aeabi_l2d
 .text          0x00000000080018f0      0x424 /usr/lib/gcc/arm-none-eabi/9.2.1/thumb/v7e-m/nofp/libgcc.a(_arm_muldivdf3.o)
                0x00000000080018f0                __aeabi_dmul
                0x00000000080018f0                __muldf3
                0x0000000008001b44                __aeabi_ddiv
                0x0000000008001b44                __divdf3
 .text          0x0000000008001d14      0x110 /usr/lib/gcc/arm-none-eabi/9.2.1/thumb/v7e-m/nofp/libgcc.a(_arm_cmpdf2.o)
                0x0000000008001d14                __gtdf2
                0x0000000008001d14                __gedf2
                0x0000000008001d1c                __ltdf2
                0x0000000008001d1c                __ledf2
                0x0000000008001d24                __cmpdf2
                0x0000000008001d24                __eqdf2
                0x0000000008001d24                __nedf2
                0x0000000008001da0                __aeabi_cdrcmple
                0x0000000008001db0                __aeabi_cdcmple
                0x0000000008001db0                __aeabi_cdcmpeq
                0x0000000008001dc0                __aeabi_dcmpeq
                0x0000000008001dd4                __aeabi_dcmplt
                0x0000000008001de8                __aeabi_dcmple
                0x0000000008001dfc                __aeabi_dcmpge
                0x0000000008001e10                __aeabi_dcmpgt
 .text          0x0000000008001e24       0x2c /usr/lib/gcc/arm-none-eabi/9.2.1/thumb/v7e-m/nofp/libgcc.a(_arm_unorddf2.o)
                0x0000000008001e24                __aeabi_dcmpun
                0x0000000008001e24                __unorddf2
 .text          0x0000000008001e50       0xa0 /usr/lib/gcc/arm-none-eabi/9.2.1/thumb/v7e-m/nofp/libgcc.a(_arm_truncdfsf2.o)
                0x0000000008001e50                __aeabi_d2f
                0x0000000008001e50                __truncdfsf2
 .text          0x0000000008001ef0      0x21c /usr/lib/gcc/arm-none-eabi/9.2.1/thumb/v7e-m/nofp/libgcc.a(_arm_addsubsf3.o)
                0x0000000008001ef0                __aeabi_frsub
                0x0000000008001ef8                __subsf3
                0x0000000008001ef8                __aeabi_fsub
                0x0000000008001efc                __aeabi_fadd
                0x0000000008001efc                __addsf3
                0x000000000800205c                __aeabi_ui2f
                0x000000000800205c                __floatunsisf
                0x0000000008002064                __aeabi_i2f
                0x0000000008002064                __floatsisf
                0x0000000008002080                __floatundisf
                0x0000000008002080                __aeabi_ul2f
                0x0000000008002090                __floatdisf
                0x0000000008002090                __aeabi_l2f
 .text          0x000000000800210c      0x2a0 /usr/lib/gcc/arm-none-eabi/9.2.1/thumb/v7e-m/nofp/libgcc.a(_arm_muldivsf3.o)
                0x000000000800210c                __mulsf3
                0x000000000800210c                __aeabi_fmul
                0x0000000008002274                __divsf3
                0x0000000008002274                __aeabi_fdiv
 .text          0x00000000080023ac       0xec /usr/lib/gcc/arm-none-eabi/9.2.1/thumb/v7e-m/nofp/libgcc.a(_arm_cmpsf2.o)
                0x00000000080023ac                __gtsf2
                0x00000000080023ac                __gesf2
                0x00000000080023b4                __lesf2
                0x00000000080023b4                __ltsf2
                0x00000000080023bc                __nesf2
                0x00000000080023bc                __eqsf2
                0x00000000080023bc                __cmpsf2
                0x000000000800241c                __aeabi_cfrcmple
                0x0000000008002424                __aeabi_cfcmple
                0x0000000008002424                __aeabi_cfcmpeq
                0x0000000008002434                __aeabi_fcmpeq
                0x0000000008002448                __aeabi_fcmplt
                0x000000000800245c                __aeabi_fcmple
                0x0000000008002470                __aeabi_fcmpge
                0x0000000008002484                __aeabi_fcmpgt
 .text          0x0000000008002498       0x2c /usr/lib/gcc/arm-none-eabi/9.2.1/thumb/v7e-m/nofp/libgcc.a(_arm_unordsf2.o)
                0x0000000008002498                __aeabi_fcmpun
                0x0000000008002498                __unordsf2
 .text          0x00000000080024c4       0x4c /usr/lib/gcc/arm-none-eabi/9.2.1/thumb/v7e-m/nofp/libgcc.a(_arm_fixsfsi.o)
                0x00000000080024c4                __fixsfsi
                0x00000000080024c4                __aeabi_f2iz
 .text          0x0000000008002510       0x40 /usr/lib/gcc/arm-none-eabi/9.2.1/thumb/v7e-m/nofp/libgcc.a(_arm_fixunssfsi.o)
                0x0000000008002510                __aeabi_f2uiz
                0x0000000008002510                __fixunssfsi
 .text          0x0000000008002550      0x9b8 /usr/lib/gcc/arm-none-eabi/9.2.1/thumb/v7e-m/nofp/libgcc.a(unwind-arm.o)
                0x00000000080027f8                _Unwind_GetCFA
                0x00000000080027fc                __gnu_Unwind_RaiseException
                0x000000000800285c                __gnu_Unwind_ForcedUnwind
                0x0000000008002870                __gnu_Unwind_Resume
                0x00000000080028b4                __gnu_Unwind_Resume_or_Rethrow
                0x00000000080028c4                _Unwind_Complete
                0x00000000080028c8                _Unwind_DeleteException
                0x00000000080028d4                _Unwind_VRS_Get
                0x000000000800291c                _Unwind_VRS_Set
                0x0000000008002964                __gnu_Unwind_Backtrace
                0x0000000008002c84                __aeabi_unwind_cpp_pr0
                0x0000000008002c88                __aeabi_unwind_cpp_pr1
                0x0000000008002c8c                __aeabi_unwind_cpp_pr2
                0x0000000008002c90                _Unwind_VRS_Pop
 .text          0x0000000008002f08      0x1ac /usr/lib/gcc/arm-none-eabi/9.2.1/thumb/v7e-m/nofp/libgcc.a(libunwind.o)
                0x0000000008002f08                __restore_core_regs
                0x0000000008002f08                restore_core_regs
                0x0000000008002f20                __gnu_Unwind_Restore_VFP
                0x0000000008002f28                __gnu_Unwind_Save_VFP
                0x0000000008002f30                __gnu_Unwind_Restore_VFP_D
                0x0000000008002f38                __gnu_Unwind_Save_VFP_D
                0x0000000008002f40                __gnu_Unwind_Restore_VFP_D_16_to_31
                0x0000000008002f48                __gnu_Unwind_Save_VFP_D_16_to_31
                0x0000000008002f50                __gnu_Unwind_Restore_WMMXD
                0x0000000008002f94                __gnu_Unwind_Save_WMMXD
                0x0000000008002fd8                __gnu_Unwind_Restore_WMMXC
                0x0000000008002fec                __gnu_Unwind_Save_WMMXC
                0x0000000008003000                ___Unwind_RaiseException
                0x0000000008003000                _Unwind_RaiseException
                0x0000000008003024                ___Unwind_Resume
                0x0000000008003024                _Unwind_Resume
                0x0000000008003048                _Unwind_Resume_or_Rethrow
                0x0000000008003048                ___Unwind_Resume_or_Rethrow
                0x000000000800306c                ___Unwind_ForcedUnwind
                0x000000000800306c                _Unwind_ForcedUnwind
                0x0000000008003090                _Unwind_Backtrace
                0x0000000008003090                ___Unwind_Backtrace
 .text          0x00000000080030b4      0x340 /usr/lib/gcc/arm-none-eabi/9.2.1/thumb/v7e-m/nofp/libgcc.a(pr-support.o)
                0x000000000800310c                __gnu_unwind_execute
                0x00000000080033a8                __gnu_unwind_frame
                0x00000000080033d4                _Unwind_GetRegionStart
                0x00000000080033e0                _Unwind_GetLanguageSpecificData
 .text          0x00000000080033f4       0x10 /usr/lib/gcc/arm-none-eabi/9.2.1/../../../arm-none-eabi/lib/thumb/v7e-m/nofp/libg_nano.a(lib_a-abort.o)
                0x00000000080033f4                abort
 .text          0x0000000008003404        0xc /usr/lib/gcc/arm-none-eabi/9.2.1/../../../arm-none-eabi/lib/thumb/v7e-m/nofp/libg_nano.a(lib_a-errno.o)
                0x0000000008003404                __errno
 .text          0x0000000008003410       0x48 /usr/lib/gcc/arm-none-eabi/9.2.1/../../../arm-none-eabi/lib/thumb/v7e-m/nofp/libg_nano.a(lib_a-init.o)
                0x0000000008003410                __libc_init_array
 .text          0x0000000008003458       0x20 /usr/lib/gcc/arm-none-eabi/9.2.1/../../../arm-none-eabi/lib/thumb/v7e-m/nofp/libg_nano.a(lib_a-malloc.o)
                0x0000000008003458                malloc
                0x0000000008003468                free
 .text          0x0000000008003478      0x134 /usr/lib/gcc/arm-none-eabi/9.2.1/../../../arm-none-eabi/lib/thumb/v7e-m/nofp/libg_nano.a(lib_a-memcpy.o)
                0x0000000008003478                memcpy
 .text          0x00000000080035ac       0xa0 /usr/lib/gcc/arm-none-eabi/9.2.1/../../../arm-none-eabi/lib/thumb/v7e-m/nofp/libg_nano.a(lib_a-memset.o)
                0x00000000080035ac                memset
 .text          0x000000000800364c       0xac /usr/lib/gcc/arm-none-eabi/9.2.1/../../../arm-none-eabi/lib/thumb/v7e-m/nofp/libg_nano.a(lib_a-nano-freer.o)
                0x000000000800364c                _free_r
 .text          0x00000000080036f8       0xc8 /usr/lib/gcc/arm-none-eabi/9.2.1/../../../arm-none-eabi/lib/thumb/v7e-m/nofp/libg_nano.a(lib_a-nano-mallocr.o)
                0x00000000080036f8                _malloc_r
 .text          0x00000000080037c0      0x6c0 /usr/lib/gcc/arm-none-eabi/9.2.1/../../../arm-none-eabi/lib/thumb/v7e-m/nofp/libg_nano.a(lib_a-nano-vfprintf_float.o)
                0x00000000080037c0                __cvt
                0x00000000080038b4                __exponent
                0x0000000008003940                _printf_float
 .text          0x0000000008003e80      0x3c4 /usr/lib/gcc/arm-none-eabi/9.2.1/../../../arm-none-eabi/lib/thumb/v7e-m/nofp/libg_nano.a(lib_a-nano-vfprintf_i.o)
                0x0000000008003e80                _printf_common
                0x0000000008003fac                _printf_i
 .text          0x0000000008004244       0x24 /usr/lib/gcc/arm-none-eabi/9.2.1/../../../arm-none-eabi/lib/thumb/v7e-m/nofp/libg_nano.a(lib_a-sbrkr.o)
                0x0000000008004244                _sbrk_r
 .text          0x0000000008004268      0x150 /usr/lib/gcc/arm-none-eabi/9.2.1/../../../arm-none-eabi/lib/thumb/v7e-m/nofp/libg_nano.a(lib_a-signal.o)
                0x0000000008004290                _init_signal_r
                0x000000000800429c                _signal_r
                0x00000000080042d0                _raise_r
                0x0000000008004324                __sigtramp_r
                0x0000000008004374                raise
                0x0000000008004384                signal
                0x0000000008004394                _init_signal
                0x00000000080043a8                __sigtramp
 .text          0x00000000080043b8       0x2c /usr/lib/gcc/arm-none-eabi/9.2.1/../../../arm-none-eabi/lib/thumb/v7e-m/nofp/libg_nano.a(lib_a-signalr.o)
                0x00000000080043b8                _kill_r
                0x00000000080043e0                _getpid_r
 .text          0x00000000080043e4       0x80 /usr/lib/gcc/arm-none-eabi/9.2.1/../../../arm-none-eabi/lib/thumb/v7e-m/nofp/libg_nano.a(lib_a-sprintf.o)
                0x00000000080043e4                _siprintf_r
                0x00000000080043e4                _sprintf_r
                0x0000000008004420                sprintf
                0x0000000008004420                siprintf
 *fill*         0x0000000008004464       0x1c 
 .text          0x0000000008004480      0x2dc /usr/lib/gcc/arm-none-eabi/9.2.1/../../../arm-none-eabi/lib/thumb/v7e-m/nofp/libg_nano.a(lib_a-strcmp.o)
                0x0000000008004488                strcmp
 *fill*         0x000000000800475c       0x24 
 .text          0x0000000008004780       0xdc /usr/lib/gcc/arm-none-eabi/9.2.1/../../../arm-none-eabi/lib/thumb/v7e-m/nofp/libg_nano.a(lib_a-strlen.o)
                0x0000000008004780                strlen
 *fill*         0x000000000800485c        0x4 
 .text          0x0000000008004860     0x104c /usr/lib/gcc/arm-none-eabi/9.2.1/../../../arm-none-eabi/lib/thumb/v7e-m/nofp/libg_nano.a(lib_a-dtoa.o)
                0x0000000008004984                _dtoa_r
 .text          0x00000000080058ac       0x14 /usr/lib/gcc/arm-none-eabi/9.2.1/../../../arm-none-eabi/lib/thumb/v7e-m/nofp/libg_nano.a(lib_a-localeconv.o)
                0x00000000080058ac                __localeconv_l
                0x00000000080058b0                _localeconv_r
                0x00000000080058b8                localeconv
 .text          0x00000000080058c0       0xa0 /usr/lib/gcc/arm-none-eabi/9.2.1/../../../arm-none-eabi/lib/thumb/v7e-m/nofp/libg_nano.a(lib_a-memchr.o)
                0x00000000080058c0                memchr
 .text          0x0000000008005960        0x8 /usr/lib/gcc/arm-none-eabi/9.2.1/../../../arm-none-eabi/lib/thumb/v7e-m/nofp/libg_nano.a(lib_a-mlock.o)
                0x0000000008005960                __malloc_lock
                0x0000000008005964                __malloc_unlock
 .text          0x0000000008005968      0xa08 /usr/lib/gcc/arm-none-eabi/9.2.1/../../../arm-none-eabi/lib/thumb/v7e-m/nofp/libg_nano.a(lib_a-mprec.o)
                0x0000000008005968                _Balloc
                0x00000000080059e8                _Bfree
                0x0000000008005a34                __multadd
                0x0000000008005ad4                __s2b
                0x0000000008005b80                __hi0bits
                0x0000000008005bc0                __lo0bits
                0x0000000008005c20                __i2b
                0x0000000008005c4c                __multiply
                0x0000000008005d98                __pow5mult
                0x0000000008005e5c                __lshift
                0x0000000008005f24                __mcmp
                0x0000000008005f5c                __mdiff
                0x0000000008006084                __ulp
                0x00000000080060c4                __b2d
                0x000000000800617c                __d2b
                0x0000000008006240                __ratio
                0x000000000800629c                _mprec_log10
                0x00000000080062d4                __copybits
                0x000000000800631c                __any_on
 .text          0x0000000008006370       0x1c /usr/lib/gcc/arm-none-eabi/9.2.1/../../../arm-none-eabi/lib/thumb/v7e-m/nofp/libg_nano.a(lib_a-nano-callocr.o)
                0x0000000008006370                _calloc_r
 .text          0x000000000800638c      0x42c /usr/lib/gcc/arm-none-eabi/9.2.1/../../../arm-none-eabi/lib/thumb/v7e-m/nofp/libg_nano.a(lib_a-nano-svfprintf.o)
                0x000000000800638c                __ssputs_r
                0x000000000800644c                __ssprint_r
                0x0000000008006544                _svfprintf_r
                0x0000000008006544                _svfiprintf_r
 .text          0x00000000080067b8       0x48 /usr/lib/gcc/arm-none-eabi/9.2.1/../../../arm-none-eabi/lib/thumb/v7e-m/nofp/libg_nano.a(lib_a-assert.o)
                0x00000000080067b8                __assert_func
                0x00000000080067f4                __assert
 .text          0x0000000008006800       0x44 /usr/lib/gcc/arm-none-eabi/9.2.1/../../../arm-none-eabi/lib/thumb/v7e-m/nofp/libg_nano.a(lib_a-fprintf.o)
                0x0000000008006800                _fprintf_r
                0x0000000008006800                _fiprintf_r
                0x000000000800681c                fprintf
                0x000000000800681c                fiprintf
 .text          0x0000000008006844       0x40 /usr/lib/gcc/arm-none-eabi/9.2.1/../../../arm-none-eabi/lib/thumb/v7e-m/nofp/libg_nano.a(lib_a-mbtowc_r.o)
                0x0000000008006844                _mbtowc_r
                0x0000000008006858                __ascii_mbtowc
 .text          0x0000000008006884       0xd0 /usr/lib/gcc/arm-none-eabi/9.2.1/../../../arm-none-eabi/lib/thumb/v7e-m/nofp/libg_nano.a(lib_a-memmove.o)
                0x0000000008006884                memmove
 .text          0x0000000008006954       0x4c /usr/lib/gcc/arm-none-eabi/9.2.1/../../../arm-none-eabi/lib/thumb/v7e-m/nofp/libg_nano.a(lib_a-nano-reallocr.o)
                0x0000000008006954                _realloc_r
 .text          0x00000000080069a0      0x360 /usr/lib/gcc/arm-none-eabi/9.2.1/../../../arm-none-eabi/lib/thumb/v7e-m/nofp/libg_nano.a(lib_a-nano-vfprintf.o)
                0x00000000080069d8                __sfputs_r
                0x0000000008006a08                __sprint_r
                0x0000000008006a24                _vfiprintf_r
                0x0000000008006a24                _vfprintf_r
                0x0000000008006ce8                vfiprintf
                0x0000000008006ce8                vfprintf
 .text          0x0000000008006d00       0xc0 /usr/lib/gcc/arm-none-eabi/9.2.1/../../../arm-none-eabi/lib/thumb/v7e-m/nofp/libg_nano.a(lib_a-wbuf.o)
                0x0000000008006d00                __swbuf_r
                0x0000000008006db0                __swbuf
 .text          0x0000000008006dc0       0x30 /usr/lib/gcc/arm-none-eabi/9.2.1/../../../arm-none-eabi/lib/thumb/v7e-m/nofp/libg_nano.a(lib_a-wctomb_r.o)
                0x0000000008006dc0                _wctomb_r
                0x0000000008006dd4                __ascii_wctomb
 .text          0x0000000008006df0      0x100 /usr/lib/gcc/arm-none-eabi/9.2.1/../../../arm-none-eabi/lib/thumb/v7e-m/nofp/libg_nano.a(lib_a-wsetup.o)
                0x0000000008006df0                __swsetup_r
 .text          0x0000000008006ef0      0x1b0 /usr/lib/gcc/arm-none-eabi/9.2.1/../../../arm-none-eabi/lib/thumb/v7e-m/nofp/libg_nano.a(lib_a-fflush.o)
                0x0000000008006ef0                __sflush_r
                0x000000000800701c                _fflush_r
                0x000000000800707c                fflush
 .text          0x00000000080070a0      0x210 /usr/lib/gcc/arm-none-eabi/9.2.1/../../../arm-none-eabi/lib/thumb/v7e-m/nofp/libg_nano.a(lib_a-findfp.o)
                0x00000000080070a4                _cleanup_r
                0x00000000080070b4                __sfmoreglue
                0x00000000080070e4                __sfp
                0x000000000800725c                _cleanup
                0x0000000008007270                __sinit
                0x0000000008007278                __sfp_lock_acquire
                0x000000000800727c                __sfp_lock_release
                0x0000000008007280                __sinit_lock_acquire
                0x0000000008007284                __sinit_lock_release
                0x0000000008007288                __fp_lock_all
                0x000000000800729c                __fp_unlock_all
 .text          0x00000000080072b0      0x308 /usr/lib/gcc/arm-none-eabi/9.2.1/../../../arm-none-eabi/lib/thumb/v7e-m/nofp/libg_nano.a(lib_a-fvwrite.o)
                0x00000000080072b0                __sfvwrite_r
 .text          0x00000000080075b8       0xa0 /usr/lib/gcc/arm-none-eabi/9.2.1/../../../arm-none-eabi/lib/thumb/v7e-m/nofp/libg_nano.a(lib_a-fwalk.o)
                0x00000000080075b8                _fwalk
                0x0000000008007604                _fwalk_reent
 .text          0x0000000008007658       0xf0 /usr/lib/gcc/arm-none-eabi/9.2.1/../../../arm-none-eabi/lib/thumb/v7e-m/nofp/libg_nano.a(lib_a-makebuf.o)
                0x0000000008007658                __swhatbuf_r
                0x00000000080076b4                __smakebuf_r
 .text          0x0000000008007748       0x10 /usr/lib/gcc/arm-none-eabi/9.2.1/../../../arm-none-eabi/lib/thumb/v7e-m/nofp/libg_nano.a(lib_a-nano-msizer.o)
                0x0000000008007748                _malloc_usable_size_r
 .text          0x0000000008007758       0x90 /usr/lib/gcc/arm-none-eabi/9.2.1/../../../arm-none-eabi/lib/thumb/v7e-m/nofp/libg_nano.a(lib_a-stdio.o)
                0x0000000008007758                __sread
                0x000000000800777c                __seofread
                0x0000000008007780                __swrite
                0x00000000080077c0                __sseek
                0x00000000080077e0                __sclose
 .text          0x00000000080077e8       0x2c /usr/lib/gcc/arm-none-eabi/9.2.1/../../../arm-none-eabi/lib/thumb/v7e-m/nofp/libg_nano.a(lib_a-writer.o)
                0x00000000080077e8                _write_r
 .text          0x0000000008007814       0x24 /usr/lib/gcc/arm-none-eabi/9.2.1/../../../arm-none-eabi/lib/thumb/v7e-m/nofp/libg_nano.a(lib_a-closer.o)
                0x0000000008007814                _close_r
 .text          0x0000000008007838       0x28 /usr/lib/gcc/arm-none-eabi/9.2.1/../../../arm-none-eabi/lib/thumb/v7e-m/nofp/libg_nano.a(lib_a-fstatr.o)
                0x0000000008007838                _fstat_r
 .text          0x0000000008007860       0x24 /usr/lib/gcc/arm-none-eabi/9.2.1/../../../arm-none-eabi/lib/thumb/v7e-m/nofp/libg_nano.a(lib_a-isattyr.o)
                0x0000000008007860                _isatty_r
 .text          0x0000000008007884       0x2c /usr/lib/gcc/arm-none-eabi/9.2.1/../../../arm-none-eabi/lib/thumb/v7e-m/nofp/libg_nano.a(lib_a-lseekr.o)
                0x0000000008007884                _lseek_r
 .text          0x00000000080078b0       0x2c /usr/lib/gcc/arm-none-eabi/9.2.1/../../../arm-none-eabi/lib/thumb/v7e-m/nofp/libg_nano.a(lib_a-readr.o)
                0x00000000080078b0                _read_r
 .text          0x00000000080078dc       0x50 /usr/lib/gcc/arm-none-eabi/9.2.1/thumb/v7e-m/nofp/libgcc.a(_arm_fixdfsi.o)
                0x00000000080078dc                __fixdfsi
                0x00000000080078dc                __aeabi_d2iz
 *(.text*)
 .text.NVIC_PriorityGroupConfig
                0x000000000800792c       0x14 CMakeFiles/fc_soft.elf.dir/Drivers/STM32F4xx_StdPeriph_Driver/src/misc.c.obj
                0x000000000800792c                NVIC_PriorityGroupConfig
 .text.NVIC_Init
                0x0000000008007940       0x68 CMakeFiles/fc_soft.elf.dir/Drivers/STM32F4xx_StdPeriph_Driver/src/misc.c.obj
                0x0000000008007940                NVIC_Init
 .text.DMA_DeInit
                0x00000000080079a8      0x124 CMakeFiles/fc_soft.elf.dir/Drivers/STM32F4xx_StdPeriph_Driver/src/stm32f4xx_dma.c.obj
                0x00000000080079a8                DMA_DeInit
 .text.DMA_Init
                0x0000000008007acc       0x58 CMakeFiles/fc_soft.elf.dir/Drivers/STM32F4xx_StdPeriph_Driver/src/stm32f4xx_dma.c.obj
                0x0000000008007acc                DMA_Init
 .text.DMA_Cmd  0x0000000008007b24       0x14 CMakeFiles/fc_soft.elf.dir/Drivers/STM32F4xx_StdPeriph_Driver/src/stm32f4xx_dma.c.obj
                0x0000000008007b24                DMA_Cmd
 .text.DMA_ITConfig
                0x0000000008007b38       0x40 CMakeFiles/fc_soft.elf.dir/Drivers/STM32F4xx_StdPeriph_Driver/src/stm32f4xx_dma.c.obj
                0x0000000008007b38                DMA_ITConfig
 .text.EXTI_Init
                0x0000000008007b78       0x80 CMakeFiles/fc_soft.elf.dir/Drivers/STM32F4xx_StdPeriph_Driver/src/stm32f4xx_exti.c.obj
                0x0000000008007b78                EXTI_Init
 .text.EXTI_GetITStatus
                0x0000000008007bf8       0x14 CMakeFiles/fc_soft.elf.dir/Drivers/STM32F4xx_StdPeriph_Driver/src/stm32f4xx_exti.c.obj
                0x0000000008007bf8                EXTI_GetITStatus
 .text.EXTI_ClearITPendingBit
                0x0000000008007c0c        0xc CMakeFiles/fc_soft.elf.dir/Drivers/STM32F4xx_StdPeriph_Driver/src/stm32f4xx_exti.c.obj
                0x0000000008007c0c                EXTI_ClearITPendingBit
 .text.GPIO_Init
                0x0000000008007c18       0xa0 CMakeFiles/fc_soft.elf.dir/Drivers/STM32F4xx_StdPeriph_Driver/src/stm32f4xx_gpio.c.obj
                0x0000000008007c18                GPIO_Init
 .text.GPIO_ReadInputDataBit
                0x0000000008007cb8        0xc CMakeFiles/fc_soft.elf.dir/Drivers/STM32F4xx_StdPeriph_Driver/src/stm32f4xx_gpio.c.obj
                0x0000000008007cb8                GPIO_ReadInputDataBit
 .text.GPIO_ReadOutputDataBit
                0x0000000008007cc4        0xc CMakeFiles/fc_soft.elf.dir/Drivers/STM32F4xx_StdPeriph_Driver/src/stm32f4xx_gpio.c.obj
                0x0000000008007cc4                GPIO_ReadOutputDataBit
 .text.GPIO_SetBits
                0x0000000008007cd0        0x4 CMakeFiles/fc_soft.elf.dir/Drivers/STM32F4xx_StdPeriph_Driver/src/stm32f4xx_gpio.c.obj
                0x0000000008007cd0                GPIO_SetBits
 .text.GPIO_ResetBits
                0x0000000008007cd4        0x4 CMakeFiles/fc_soft.elf.dir/Drivers/STM32F4xx_StdPeriph_Driver/src/stm32f4xx_gpio.c.obj
                0x0000000008007cd4                GPIO_ResetBits
 .text.GPIO_PinAFConfig
                0x0000000008007cd8       0x28 CMakeFiles/fc_soft.elf.dir/Drivers/STM32F4xx_StdPeriph_Driver/src/stm32f4xx_gpio.c.obj
                0x0000000008007cd8                GPIO_PinAFConfig
 .text.I2C_DeInit
                0x0000000008007d00       0x6c CMakeFiles/fc_soft.elf.dir/Drivers/STM32F4xx_StdPeriph_Driver/src/stm32f4xx_i2c.c.obj
                0x0000000008007d00                I2C_DeInit
 .text.I2C_Init
                0x0000000008007d6c       0xe0 CMakeFiles/fc_soft.elf.dir/Drivers/STM32F4xx_StdPeriph_Driver/src/stm32f4xx_i2c.c.obj
                0x0000000008007d6c                I2C_Init
 .text.I2C_StructInit
                0x0000000008007e4c       0x1c CMakeFiles/fc_soft.elf.dir/Drivers/STM32F4xx_StdPeriph_Driver/src/stm32f4xx_i2c.c.obj
                0x0000000008007e4c                I2C_StructInit
 .text.I2C_Cmd  0x0000000008007e68       0x1c CMakeFiles/fc_soft.elf.dir/Drivers/STM32F4xx_StdPeriph_Driver/src/stm32f4xx_i2c.c.obj
                0x0000000008007e68                I2C_Cmd
 .text.I2C_GenerateSTART
                0x0000000008007e84       0x1c CMakeFiles/fc_soft.elf.dir/Drivers/STM32F4xx_StdPeriph_Driver/src/stm32f4xx_i2c.c.obj
                0x0000000008007e84                I2C_GenerateSTART
 .text.I2C_GenerateSTOP
                0x0000000008007ea0       0x1c CMakeFiles/fc_soft.elf.dir/Drivers/STM32F4xx_StdPeriph_Driver/src/stm32f4xx_i2c.c.obj
                0x0000000008007ea0                I2C_GenerateSTOP
 .text.I2C_Send7bitAddress
                0x0000000008007ebc       0x18 CMakeFiles/fc_soft.elf.dir/Drivers/STM32F4xx_StdPeriph_Driver/src/stm32f4xx_i2c.c.obj
                0x0000000008007ebc                I2C_Send7bitAddress
 .text.I2C_AcknowledgeConfig
                0x0000000008007ed4       0x1c CMakeFiles/fc_soft.elf.dir/Drivers/STM32F4xx_StdPeriph_Driver/src/stm32f4xx_i2c.c.obj
                0x0000000008007ed4                I2C_AcknowledgeConfig
 .text.I2C_SoftwareResetCmd
                0x0000000008007ef0       0x1c CMakeFiles/fc_soft.elf.dir/Drivers/STM32F4xx_StdPeriph_Driver/src/stm32f4xx_i2c.c.obj
                0x0000000008007ef0                I2C_SoftwareResetCmd
 .text.I2C_SendData
                0x0000000008007f0c        0x4 CMakeFiles/fc_soft.elf.dir/Drivers/STM32F4xx_StdPeriph_Driver/src/stm32f4xx_i2c.c.obj
                0x0000000008007f0c                I2C_SendData
 .text.I2C_ReceiveData
                0x0000000008007f10        0x8 CMakeFiles/fc_soft.elf.dir/Drivers/STM32F4xx_StdPeriph_Driver/src/stm32f4xx_i2c.c.obj
                0x0000000008007f10                I2C_ReceiveData
 .text.I2C_DMALastTransferCmd
                0x0000000008007f18       0x1c CMakeFiles/fc_soft.elf.dir/Drivers/STM32F4xx_StdPeriph_Driver/src/stm32f4xx_i2c.c.obj
                0x0000000008007f18                I2C_DMALastTransferCmd
 .text.I2C_ITConfig
                0x0000000008007f34       0x14 CMakeFiles/fc_soft.elf.dir/Drivers/STM32F4xx_StdPeriph_Driver/src/stm32f4xx_i2c.c.obj
                0x0000000008007f34                I2C_ITConfig
 .text.I2C_CheckEvent
                0x0000000008007f48       0x1c CMakeFiles/fc_soft.elf.dir/Drivers/STM32F4xx_StdPeriph_Driver/src/stm32f4xx_i2c.c.obj
                0x0000000008007f48                I2C_CheckEvent
 .text.I2C_GetLastEvent
                0x0000000008007f64       0x10 CMakeFiles/fc_soft.elf.dir/Drivers/STM32F4xx_StdPeriph_Driver/src/stm32f4xx_i2c.c.obj
                0x0000000008007f64                I2C_GetLastEvent
 .text.I2C_GetFlagStatus
                0x0000000008007f74       0x38 CMakeFiles/fc_soft.elf.dir/Drivers/STM32F4xx_StdPeriph_Driver/src/stm32f4xx_i2c.c.obj
                0x0000000008007f74                I2C_GetFlagStatus
 .text.I2C_ClearFlag
                0x0000000008007fac        0x8 CMakeFiles/fc_soft.elf.dir/Drivers/STM32F4xx_StdPeriph_Driver/src/stm32f4xx_i2c.c.obj
                0x0000000008007fac                I2C_ClearFlag
 .text.RCC_GetClocksFreq
                0x0000000008007fb4       0x8c CMakeFiles/fc_soft.elf.dir/Drivers/STM32F4xx_StdPeriph_Driver/src/stm32f4xx_rcc.c.obj
                0x0000000008007fb4                RCC_GetClocksFreq
 .text.RCC_AHB1PeriphClockCmd
                0x0000000008008040       0x18 CMakeFiles/fc_soft.elf.dir/Drivers/STM32F4xx_StdPeriph_Driver/src/stm32f4xx_rcc.c.obj
                0x0000000008008040                RCC_AHB1PeriphClockCmd
 .text.RCC_AHB2PeriphClockCmd
                0x0000000008008058       0x18 CMakeFiles/fc_soft.elf.dir/Drivers/STM32F4xx_StdPeriph_Driver/src/stm32f4xx_rcc.c.obj
                0x0000000008008058                RCC_AHB2PeriphClockCmd
 .text.RCC_APB1PeriphClockCmd
                0x0000000008008070       0x18 CMakeFiles/fc_soft.elf.dir/Drivers/STM32F4xx_StdPeriph_Driver/src/stm32f4xx_rcc.c.obj
                0x0000000008008070                RCC_APB1PeriphClockCmd
 .text.RCC_APB2PeriphClockCmd
                0x0000000008008088       0x18 CMakeFiles/fc_soft.elf.dir/Drivers/STM32F4xx_StdPeriph_Driver/src/stm32f4xx_rcc.c.obj
                0x0000000008008088                RCC_APB2PeriphClockCmd
 .text.RCC_APB1PeriphResetCmd
                0x00000000080080a0       0x18 CMakeFiles/fc_soft.elf.dir/Drivers/STM32F4xx_StdPeriph_Driver/src/stm32f4xx_rcc.c.obj
                0x00000000080080a0                RCC_APB1PeriphResetCmd
 .text.RCC_APB2PeriphResetCmd
                0x00000000080080b8       0x18 CMakeFiles/fc_soft.elf.dir/Drivers/STM32F4xx_StdPeriph_Driver/src/stm32f4xx_rcc.c.obj
                0x00000000080080b8                RCC_APB2PeriphResetCmd
 .text.SPI_I2S_DeInit
                0x00000000080080d0       0xd0 CMakeFiles/fc_soft.elf.dir/Drivers/STM32F4xx_StdPeriph_Driver/src/stm32f4xx_spi.c.obj
                0x00000000080080d0                SPI_I2S_DeInit
 .text.SPI_Init
                0x00000000080081a0       0x40 CMakeFiles/fc_soft.elf.dir/Drivers/STM32F4xx_StdPeriph_Driver/src/stm32f4xx_spi.c.obj
                0x00000000080081a0                SPI_Init
 .text.SPI_Cmd  0x00000000080081e0       0x1c CMakeFiles/fc_soft.elf.dir/Drivers/STM32F4xx_StdPeriph_Driver/src/stm32f4xx_spi.c.obj
                0x00000000080081e0                SPI_Cmd
 .text.SPI_I2S_ReceiveData
                0x00000000080081fc        0x8 CMakeFiles/fc_soft.elf.dir/Drivers/STM32F4xx_StdPeriph_Driver/src/stm32f4xx_spi.c.obj
                0x00000000080081fc                SPI_I2S_ReceiveData
 .text.SPI_I2S_SendData
                0x0000000008008204        0x4 CMakeFiles/fc_soft.elf.dir/Drivers/STM32F4xx_StdPeriph_Driver/src/stm32f4xx_spi.c.obj
                0x0000000008008204                SPI_I2S_SendData
 .text.SPI_CalculateCRC
                0x0000000008008208       0x1c CMakeFiles/fc_soft.elf.dir/Drivers/STM32F4xx_StdPeriph_Driver/src/stm32f4xx_spi.c.obj
                0x0000000008008208                SPI_CalculateCRC
 .text.SPI_I2S_DMACmd
                0x0000000008008224       0x14 CMakeFiles/fc_soft.elf.dir/Drivers/STM32F4xx_StdPeriph_Driver/src/stm32f4xx_spi.c.obj
                0x0000000008008224                SPI_I2S_DMACmd
 .text.SPI_I2S_GetFlagStatus
                0x0000000008008238        0xc CMakeFiles/fc_soft.elf.dir/Drivers/STM32F4xx_StdPeriph_Driver/src/stm32f4xx_spi.c.obj
                0x0000000008008238                SPI_I2S_GetFlagStatus
 .text.SYSCFG_EXTILineConfig
                0x0000000008008244       0x30 CMakeFiles/fc_soft.elf.dir/Drivers/STM32F4xx_StdPeriph_Driver/src/stm32f4xx_syscfg.c.obj
                0x0000000008008244                SYSCFG_EXTILineConfig
 .text.TIM_TimeBaseInit
                0x0000000008008274       0x94 CMakeFiles/fc_soft.elf.dir/Drivers/STM32F4xx_StdPeriph_Driver/src/stm32f4xx_tim.c.obj
                0x0000000008008274                TIM_TimeBaseInit
 .text.TIM_Cmd  0x0000000008008308       0x1c CMakeFiles/fc_soft.elf.dir/Drivers/STM32F4xx_StdPeriph_Driver/src/stm32f4xx_tim.c.obj
                0x0000000008008308                TIM_Cmd
 .text.TIM_OC1Init
                0x0000000008008324       0x78 CMakeFiles/fc_soft.elf.dir/Drivers/STM32F4xx_StdPeriph_Driver/src/stm32f4xx_tim.c.obj
                0x0000000008008324                TIM_OC1Init
 .text.TIM_OC2Init
                0x000000000800839c       0x84 CMakeFiles/fc_soft.elf.dir/Drivers/STM32F4xx_StdPeriph_Driver/src/stm32f4xx_tim.c.obj
                0x000000000800839c                TIM_OC2Init
 .text.TIM_OC3Init
                0x0000000008008420       0x84 CMakeFiles/fc_soft.elf.dir/Drivers/STM32F4xx_StdPeriph_Driver/src/stm32f4xx_tim.c.obj
                0x0000000008008420                TIM_OC3Init
 .text.TIM_OC3PreloadConfig
                0x00000000080084a4       0x10 CMakeFiles/fc_soft.elf.dir/Drivers/STM32F4xx_StdPeriph_Driver/src/stm32f4xx_tim.c.obj
                0x00000000080084a4                TIM_OC3PreloadConfig
 .text.TIM_CtrlPWMOutputs
                0x00000000080084b4       0x20 CMakeFiles/fc_soft.elf.dir/Drivers/STM32F4xx_StdPeriph_Driver/src/stm32f4xx_tim.c.obj
                0x00000000080084b4                TIM_CtrlPWMOutputs
 .text.usbd_cdc_EP0_RxReady
                0x00000000080084d4       0x30 CMakeFiles/fc_soft.elf.dir/Drivers/STM32_USB_Device_Library/Class/cdc/src/usbd_cdc_core.c.obj
                0x00000000080084d4                usbd_cdc_EP0_RxReady
 .text.USBD_cdc_GetCfgDesc
                0x0000000008008504        0xc CMakeFiles/fc_soft.elf.dir/Drivers/STM32_USB_Device_Library/Class/cdc/src/usbd_cdc_core.c.obj
 .text.usbd_cdc_Init
                0x0000000008008510       0x54 CMakeFiles/fc_soft.elf.dir/Drivers/STM32_USB_Device_Library/Class/cdc/src/usbd_cdc_core.c.obj
                0x0000000008008510                usbd_cdc_Init
 .text.usbd_cdc_DataOut
                0x0000000008008564       0x34 CMakeFiles/fc_soft.elf.dir/Drivers/STM32_USB_Device_Library/Class/cdc/src/usbd_cdc_core.c.obj
                0x0000000008008564                usbd_cdc_DataOut
 .text.usbd_cdc_DeInit
                0x0000000008008598       0x28 CMakeFiles/fc_soft.elf.dir/Drivers/STM32_USB_Device_Library/Class/cdc/src/usbd_cdc_core.c.obj
                0x0000000008008598                usbd_cdc_DeInit
 .text.usbd_cdc_Setup
                0x00000000080085c0       0xa4 CMakeFiles/fc_soft.elf.dir/Drivers/STM32_USB_Device_Library/Class/cdc/src/usbd_cdc_core.c.obj
                0x00000000080085c0                usbd_cdc_Setup
 .text.usbd_cdc_SOF
                0x0000000008008664       0x9c CMakeFiles/fc_soft.elf.dir/Drivers/STM32_USB_Device_Library/Class/cdc/src/usbd_cdc_core.c.obj
                0x0000000008008664                usbd_cdc_SOF
 .text.usbd_cdc_DataIn
                0x0000000008008700       0x84 CMakeFiles/fc_soft.elf.dir/Drivers/STM32_USB_Device_Library/Class/cdc/src/usbd_cdc_core.c.obj
                0x0000000008008700                usbd_cdc_DataIn
 .text.USBD_Resume
                0x0000000008008784       0x18 CMakeFiles/fc_soft.elf.dir/Drivers/STM32_USB_Device_Library/Core/src/usbd_core.c.obj
 .text.USBD_Suspend
                0x000000000800879c       0x1c CMakeFiles/fc_soft.elf.dir/Drivers/STM32_USB_Device_Library/Core/src/usbd_core.c.obj
 .text.USBD_SOF
                0x00000000080087b8       0x10 CMakeFiles/fc_soft.elf.dir/Drivers/STM32_USB_Device_Library/Core/src/usbd_core.c.obj
 .text.USBD_IsoINIncomplete
                0x00000000080087c8       0x10 CMakeFiles/fc_soft.elf.dir/Drivers/STM32_USB_Device_Library/Core/src/usbd_core.c.obj
 .text.USBD_IsoOUTIncomplete
                0x00000000080087d8       0x10 CMakeFiles/fc_soft.elf.dir/Drivers/STM32_USB_Device_Library/Core/src/usbd_core.c.obj
 .text.USBD_Reset
                0x00000000080087e8       0x30 CMakeFiles/fc_soft.elf.dir/Drivers/STM32_USB_Device_Library/Core/src/usbd_core.c.obj
 .text.USBD_SetupStage
                0x0000000008008818       0x58 CMakeFiles/fc_soft.elf.dir/Drivers/STM32_USB_Device_Library/Core/src/usbd_core.c.obj
 .text.USBD_DataInStage
                0x0000000008008870       0xc8 CMakeFiles/fc_soft.elf.dir/Drivers/STM32_USB_Device_Library/Core/src/usbd_core.c.obj
 .text.USBD_DataOutStage
                0x0000000008008938       0x78 CMakeFiles/fc_soft.elf.dir/Drivers/STM32_USB_Device_Library/Core/src/usbd_core.c.obj
 .text.USBD_Init
                0x00000000080089b0       0x3c CMakeFiles/fc_soft.elf.dir/Drivers/STM32_USB_Device_Library/Core/src/usbd_core.c.obj
                0x00000000080089b0                USBD_Init
 .text.USBD_SetCfg
                0x00000000080089ec       0x18 CMakeFiles/fc_soft.elf.dir/Drivers/STM32_USB_Device_Library/Core/src/usbd_core.c.obj
                0x00000000080089ec                USBD_SetCfg
 .text.USBD_ClrCfg
                0x0000000008008a04       0x10 CMakeFiles/fc_soft.elf.dir/Drivers/STM32_USB_Device_Library/Core/src/usbd_core.c.obj
                0x0000000008008a04                USBD_ClrCfg
 .text.USBD_CtlSendData
                0x0000000008008a14       0x1c CMakeFiles/fc_soft.elf.dir/Drivers/STM32_USB_Device_Library/Core/src/usbd_ioreq.c.obj
                0x0000000008008a14                USBD_CtlSendData
 .text.USBD_CtlContinueSendData
                0x0000000008008a30       0x10 CMakeFiles/fc_soft.elf.dir/Drivers/STM32_USB_Device_Library/Core/src/usbd_ioreq.c.obj
                0x0000000008008a30                USBD_CtlContinueSendData
 .text.USBD_CtlPrepareRx
                0x0000000008008a40       0x1c CMakeFiles/fc_soft.elf.dir/Drivers/STM32_USB_Device_Library/Core/src/usbd_ioreq.c.obj
                0x0000000008008a40                USBD_CtlPrepareRx
 .text.USBD_CtlContinueRx
                0x0000000008008a5c       0x10 CMakeFiles/fc_soft.elf.dir/Drivers/STM32_USB_Device_Library/Core/src/usbd_ioreq.c.obj
                0x0000000008008a5c                USBD_CtlContinueRx
 .text.USBD_CtlSendStatus
                0x0000000008008a6c       0x20 CMakeFiles/fc_soft.elf.dir/Drivers/STM32_USB_Device_Library/Core/src/usbd_ioreq.c.obj
                0x0000000008008a6c                USBD_CtlSendStatus
 .text.USBD_CtlReceiveStatus
                0x0000000008008a8c       0x20 CMakeFiles/fc_soft.elf.dir/Drivers/STM32_USB_Device_Library/Core/src/usbd_ioreq.c.obj
                0x0000000008008a8c                USBD_CtlReceiveStatus
 .text.USBD_StdDevReq
                0x0000000008008aac      0x2bc CMakeFiles/fc_soft.elf.dir/Drivers/STM32_USB_Device_Library/Core/src/usbd_req.c.obj
                0x0000000008008aac                USBD_StdDevReq
 .text.USBD_StdItfReq
                0x0000000008008d68       0x44 CMakeFiles/fc_soft.elf.dir/Drivers/STM32_USB_Device_Library/Core/src/usbd_req.c.obj
                0x0000000008008d68                USBD_StdItfReq
 .text.USBD_StdEPReq
                0x0000000008008dac       0xf8 CMakeFiles/fc_soft.elf.dir/Drivers/STM32_USB_Device_Library/Core/src/usbd_req.c.obj
                0x0000000008008dac                USBD_StdEPReq
 .text.USBD_ParseSetupRequest
                0x0000000008008ea4       0x44 CMakeFiles/fc_soft.elf.dir/Drivers/STM32_USB_Device_Library/Core/src/usbd_req.c.obj
                0x0000000008008ea4                USBD_ParseSetupRequest
 .text.USBD_CtlError
                0x0000000008008ee8       0x1c CMakeFiles/fc_soft.elf.dir/Drivers/STM32_USB_Device_Library/Core/src/usbd_req.c.obj
                0x0000000008008ee8                USBD_CtlError
 .text.USBD_GetString
                0x0000000008008f04       0x50 CMakeFiles/fc_soft.elf.dir/Drivers/STM32_USB_Device_Library/Core/src/usbd_req.c.obj
                0x0000000008008f04                USBD_GetString
 .text.USB_OTG_WritePacket
                0x0000000008008f54       0x28 CMakeFiles/fc_soft.elf.dir/Drivers/STM32_USB_OTG_Driver/src/usb_core.c.obj
                0x0000000008008f54                USB_OTG_WritePacket
 .text.USB_OTG_ReadPacket
                0x0000000008008f7c       0x2c CMakeFiles/fc_soft.elf.dir/Drivers/STM32_USB_OTG_Driver/src/usb_core.c.obj
                0x0000000008008f7c                USB_OTG_ReadPacket
 .text.USB_OTG_SelectCore
                0x0000000008008fa8      0x34c CMakeFiles/fc_soft.elf.dir/Drivers/STM32_USB_OTG_Driver/src/usb_core.c.obj
                0x0000000008008fa8                USB_OTG_SelectCore
 .text.USB_OTG_CoreInit
                0x00000000080092f4      0x138 CMakeFiles/fc_soft.elf.dir/Drivers/STM32_USB_OTG_Driver/src/usb_core.c.obj
                0x00000000080092f4                USB_OTG_CoreInit
 .text.USB_OTG_EnableGlobalInt
                0x000000000800942c       0x10 CMakeFiles/fc_soft.elf.dir/Drivers/STM32_USB_OTG_Driver/src/usb_core.c.obj
                0x000000000800942c                USB_OTG_EnableGlobalInt
 .text.USB_OTG_DisableGlobalInt
                0x000000000800943c       0x10 CMakeFiles/fc_soft.elf.dir/Drivers/STM32_USB_OTG_Driver/src/usb_core.c.obj
                0x000000000800943c                USB_OTG_DisableGlobalInt
 .text.USB_OTG_FlushTxFifo
                0x000000000800944c       0x48 CMakeFiles/fc_soft.elf.dir/Drivers/STM32_USB_OTG_Driver/src/usb_core.c.obj
                0x000000000800944c                USB_OTG_FlushTxFifo
 .text.USB_OTG_SetCurrentMode
                0x0000000008009494       0x30 CMakeFiles/fc_soft.elf.dir/Drivers/STM32_USB_OTG_Driver/src/usb_core.c.obj
                0x0000000008009494                USB_OTG_SetCurrentMode
 .text.USB_OTG_IsDeviceMode
                0x00000000080094c4        0xc CMakeFiles/fc_soft.elf.dir/Drivers/STM32_USB_OTG_Driver/src/usb_core.c.obj
                0x00000000080094c4                USB_OTG_IsDeviceMode
 .text.USB_OTG_ReadCoreItr
                0x00000000080094d0        0xc CMakeFiles/fc_soft.elf.dir/Drivers/STM32_USB_OTG_Driver/src/usb_core.c.obj
                0x00000000080094d0                USB_OTG_ReadCoreItr
 .text.USB_OTG_CoreInitDev
                0x00000000080094dc      0x450 CMakeFiles/fc_soft.elf.dir/Drivers/STM32_USB_OTG_Driver/src/usb_core.c.obj
                0x00000000080094dc                USB_OTG_CoreInitDev
 .text.USB_OTG_GetDeviceSpeed
                0x000000000800992c       0x14 CMakeFiles/fc_soft.elf.dir/Drivers/STM32_USB_OTG_Driver/src/usb_core.c.obj
                0x000000000800992c                USB_OTG_GetDeviceSpeed
 .text.USB_OTG_EP0Activate
                0x0000000008009940       0x30 CMakeFiles/fc_soft.elf.dir/Drivers/STM32_USB_OTG_Driver/src/usb_core.c.obj
                0x0000000008009940                USB_OTG_EP0Activate
 .text.USB_OTG_EPActivate
                0x0000000008009970       0x6c CMakeFiles/fc_soft.elf.dir/Drivers/STM32_USB_OTG_Driver/src/usb_core.c.obj
                0x0000000008009970                USB_OTG_EPActivate
 .text.USB_OTG_EPDeactivate
                0x00000000080099dc       0x44 CMakeFiles/fc_soft.elf.dir/Drivers/STM32_USB_OTG_Driver/src/usb_core.c.obj
                0x00000000080099dc                USB_OTG_EPDeactivate
 .text.USB_OTG_EPStartXfer
                0x0000000008009a20      0x170 CMakeFiles/fc_soft.elf.dir/Drivers/STM32_USB_OTG_Driver/src/usb_core.c.obj
                0x0000000008009a20                USB_OTG_EPStartXfer
 .text.USB_OTG_EP0StartXfer
                0x0000000008009b90       0xe8 CMakeFiles/fc_soft.elf.dir/Drivers/STM32_USB_OTG_Driver/src/usb_core.c.obj
                0x0000000008009b90                USB_OTG_EP0StartXfer
 .text.USB_OTG_EPSetStall
                0x0000000008009c78       0x30 CMakeFiles/fc_soft.elf.dir/Drivers/STM32_USB_OTG_Driver/src/usb_core.c.obj
                0x0000000008009c78                USB_OTG_EPSetStall
 .text.USB_OTG_EPClearStall
                0x0000000008009ca8       0x28 CMakeFiles/fc_soft.elf.dir/Drivers/STM32_USB_OTG_Driver/src/usb_core.c.obj
                0x0000000008009ca8                USB_OTG_EPClearStall
 .text.USB_OTG_ReadDevAllOutEp_itr
                0x0000000008009cd0        0xc CMakeFiles/fc_soft.elf.dir/Drivers/STM32_USB_OTG_Driver/src/usb_core.c.obj
                0x0000000008009cd0                USB_OTG_ReadDevAllOutEp_itr
 .text.USB_OTG_ReadDevOutEP_itr
                0x0000000008009cdc       0x10 CMakeFiles/fc_soft.elf.dir/Drivers/STM32_USB_OTG_Driver/src/usb_core.c.obj
                0x0000000008009cdc                USB_OTG_ReadDevOutEP_itr
 .text.USB_OTG_ReadDevAllInEPItr
                0x0000000008009cec        0xc CMakeFiles/fc_soft.elf.dir/Drivers/STM32_USB_OTG_Driver/src/usb_core.c.obj
                0x0000000008009cec                USB_OTG_ReadDevAllInEPItr
 .text.USB_OTG_EP0_OutStart
                0x0000000008009cf8       0x20 CMakeFiles/fc_soft.elf.dir/Drivers/STM32_USB_OTG_Driver/src/usb_core.c.obj
                0x0000000008009cf8                USB_OTG_EP0_OutStart
 .text.USB_OTG_UngateClock
                0x0000000008009d18       0x20 CMakeFiles/fc_soft.elf.dir/Drivers/STM32_USB_OTG_Driver/src/usb_core.c.obj
                0x0000000008009d18                USB_OTG_UngateClock
 .text.DCD_Init
                0x0000000008009d38      0x3e8 CMakeFiles/fc_soft.elf.dir/Drivers/STM32_USB_OTG_Driver/src/usb_dcd.c.obj
                0x0000000008009d38                DCD_Init
 .text.DCD_EP_Open
                0x000000000800a120       0x68 CMakeFiles/fc_soft.elf.dir/Drivers/STM32_USB_OTG_Driver/src/usb_dcd.c.obj
                0x000000000800a120                DCD_EP_Open
 .text.DCD_EP_Close
                0x000000000800a188       0x34 CMakeFiles/fc_soft.elf.dir/Drivers/STM32_USB_OTG_Driver/src/usb_dcd.c.obj
                0x000000000800a188                DCD_EP_Close
 .text.DCD_EP_PrepareRx
                0x000000000800a1bc       0x50 CMakeFiles/fc_soft.elf.dir/Drivers/STM32_USB_OTG_Driver/src/usb_dcd.c.obj
                0x000000000800a1bc                DCD_EP_PrepareRx
 .text.DCD_EP_Tx
                0x000000000800a20c       0x44 CMakeFiles/fc_soft.elf.dir/Drivers/STM32_USB_OTG_Driver/src/usb_dcd.c.obj
                0x000000000800a20c                DCD_EP_Tx
 .text.DCD_EP_Stall
                0x000000000800a250       0x38 CMakeFiles/fc_soft.elf.dir/Drivers/STM32_USB_OTG_Driver/src/usb_dcd.c.obj
                0x000000000800a250                DCD_EP_Stall
 .text.DCD_EP_ClrStall
                0x000000000800a288       0x38 CMakeFiles/fc_soft.elf.dir/Drivers/STM32_USB_OTG_Driver/src/usb_dcd.c.obj
                0x000000000800a288                DCD_EP_ClrStall
 .text.DCD_EP_SetAddress
                0x000000000800a2c0       0x10 CMakeFiles/fc_soft.elf.dir/Drivers/STM32_USB_OTG_Driver/src/usb_dcd.c.obj
                0x000000000800a2c0                DCD_EP_SetAddress
 .text.USBD_OTG_ISR_Handler
                0x000000000800a2d0      0x660 CMakeFiles/fc_soft.elf.dir/Drivers/STM32_USB_OTG_Driver/src/usb_dcd_int.c.obj
                0x000000000800a2d0                USBD_OTG_ISR_Handler
 .text.OTG_FS_WKUP_IRQHandler
                0x000000000800a930       0x3c CMakeFiles/fc_soft.elf.dir/Drivers/vcp/src/stm32f4xx_it.c.obj
                0x000000000800a930                OTG_FS_WKUP_IRQHandler
 .text.OTG_FS_IRQHandler
                0x000000000800a96c        0xc CMakeFiles/fc_soft.elf.dir/Drivers/vcp/src/stm32f4xx_it.c.obj
                0x000000000800a96c                OTG_FS_IRQHandler
 .text.USB_OTG_BSP_Init
                0x000000000800a978       0x70 CMakeFiles/fc_soft.elf.dir/Drivers/vcp/src/usb_bsp.c.obj
                0x000000000800a978                USB_OTG_BSP_Init
 .text.USB_OTG_BSP_EnableInterrupt
                0x000000000800a9e8       0x18 CMakeFiles/fc_soft.elf.dir/Drivers/vcp/src/usb_bsp.c.obj
                0x000000000800a9e8                USB_OTG_BSP_EnableInterrupt
 .text.USB_OTG_BSP_uDelay
                0x000000000800aa00        0x4 CMakeFiles/fc_soft.elf.dir/Drivers/vcp/src/usb_bsp.c.obj
                0x000000000800aa00                USB_OTG_BSP_uDelay
 .text.USB_OTG_BSP_mDelay
                0x000000000800aa04        0x4 CMakeFiles/fc_soft.elf.dir/Drivers/vcp/src/usb_bsp.c.obj
                0x000000000800aa04                USB_OTG_BSP_mDelay
 .text.VCP_Init
                0x000000000800aa08       0x18 CMakeFiles/fc_soft.elf.dir/Drivers/vcp/src/usbd_cdc_vcp.c.obj
 .text.VCP_DeInit
                0x000000000800aa20        0xc CMakeFiles/fc_soft.elf.dir/Drivers/vcp/src/usbd_cdc_vcp.c.obj
 .text.VCP_DataTx
                0x000000000800aa2c       0x50 CMakeFiles/fc_soft.elf.dir/Drivers/vcp/src/usbd_cdc_vcp.c.obj
 .text.VCP_Ctrl
                0x000000000800aa7c       0x88 CMakeFiles/fc_soft.elf.dir/Drivers/vcp/src/usbd_cdc_vcp.c.obj
 .text.VCP_DataRx
                0x000000000800ab04       0x58 CMakeFiles/fc_soft.elf.dir/Drivers/vcp/src/usbd_cdc_vcp.c.obj
 .text.CDC_Send_DATA
                0x000000000800ab5c       0x50 CMakeFiles/fc_soft.elf.dir/Drivers/vcp/src/usbd_cdc_vcp.c.obj
                0x000000000800ab5c                CDC_Send_DATA
 .text.CDC_Receive_DATA
                0x000000000800abac       0x54 CMakeFiles/fc_soft.elf.dir/Drivers/vcp/src/usbd_cdc_vcp.c.obj
                0x000000000800abac                CDC_Receive_DATA
 .text.USBD_USR_DeviceDescriptor
                0x000000000800ac00        0xc CMakeFiles/fc_soft.elf.dir/Drivers/vcp/src/usbd_desc.c.obj
                0x000000000800ac00                USBD_USR_DeviceDescriptor
 .text.USBD_USR_LangIDStrDescriptor
                0x000000000800ac0c        0xc CMakeFiles/fc_soft.elf.dir/Drivers/vcp/src/usbd_desc.c.obj
                0x000000000800ac0c                USBD_USR_LangIDStrDescriptor
 .text.USBD_USR_ManufacturerStrDescriptor
                0x000000000800ac18       0x1c CMakeFiles/fc_soft.elf.dir/Drivers/vcp/src/usbd_desc.c.obj
                0x000000000800ac18                USBD_USR_ManufacturerStrDescriptor
 .text.USBD_USR_ProductStrDescriptor
                0x000000000800ac34       0x28 CMakeFiles/fc_soft.elf.dir/Drivers/vcp/src/usbd_desc.c.obj
                0x000000000800ac34                USBD_USR_ProductStrDescriptor
 .text.USBD_USR_SerialStrDescriptor
                0x000000000800ac5c       0x1c CMakeFiles/fc_soft.elf.dir/Drivers/vcp/src/usbd_desc.c.obj
                0x000000000800ac5c                USBD_USR_SerialStrDescriptor
 .text.USBD_USR_ConfigStrDescriptor
                0x000000000800ac78       0x1c CMakeFiles/fc_soft.elf.dir/Drivers/vcp/src/usbd_desc.c.obj
                0x000000000800ac78                USBD_USR_ConfigStrDescriptor
 .text.USBD_USR_InterfaceStrDescriptor
                0x000000000800ac94       0x1c CMakeFiles/fc_soft.elf.dir/Drivers/vcp/src/usbd_desc.c.obj
                0x000000000800ac94                USBD_USR_InterfaceStrDescriptor
 .text.USBD_USR_Init
                0x000000000800acb0        0x4 CMakeFiles/fc_soft.elf.dir/Drivers/vcp/src/usbd_usr.c.obj
                0x000000000800acb0                USBD_USR_Init
 .text.USBD_USR_DeviceReset
                0x000000000800acb4        0x4 CMakeFiles/fc_soft.elf.dir/Drivers/vcp/src/usbd_usr.c.obj
                0x000000000800acb4                USBD_USR_DeviceReset
 .text.USBD_USR_DeviceResumed
                0x000000000800acb8        0x4 CMakeFiles/fc_soft.elf.dir/Drivers/vcp/src/usbd_usr.c.obj
                0x000000000800acb8                USBD_USR_DeviceResumed
 .text.USBD_USR_DeviceConfigured
                0x000000000800acbc        0x4 CMakeFiles/fc_soft.elf.dir/Drivers/vcp/src/usbd_usr.c.obj
                0x000000000800acbc                USBD_USR_DeviceConfigured
 .text.USBD_USR_DeviceConnected
                0x000000000800acc0        0x4 CMakeFiles/fc_soft.elf.dir/Drivers/vcp/src/usbd_usr.c.obj
                0x000000000800acc0                USBD_USR_DeviceConnected
 .text.USBD_USR_DeviceDisconnected
                0x000000000800acc4        0x4 CMakeFiles/fc_soft.elf.dir/Drivers/vcp/src/usbd_usr.c.obj
                0x000000000800acc4                USBD_USR_DeviceDisconnected
 .text.USBD_USR_DeviceSuspended
                0x000000000800acc8        0x4 CMakeFiles/fc_soft.elf.dir/Drivers/vcp/src/usbd_usr.c.obj
                0x000000000800acc8                USBD_USR_DeviceSuspended
 .text.MadgwickAHRSupdateIMU
                0x000000000800accc      0x664 CMakeFiles/fc_soft.elf.dir/Src/MadgwickAHRS.c.obj
                0x000000000800accc                MadgwickAHRSupdateIMU
 .text._Z24read_temp_start_callbackh
                0x000000000800b330       0x1c CMakeFiles/fc_soft.elf.dir/Src/bmp180.cxx.obj
                0x000000000800b330                read_temp_start_callback(unsigned char)
 .text._Z26read_temp_perform_callbackh
                0x000000000800b34c       0x1c CMakeFiles/fc_soft.elf.dir/Src/bmp180.cxx.obj
                0x000000000800b34c                read_temp_perform_callback(unsigned char)
 .text._Z25read_press_start_callbackh
                0x000000000800b368       0x28 CMakeFiles/fc_soft.elf.dir/Src/bmp180.cxx.obj
                0x000000000800b368                read_press_start_callback(unsigned char)
 .text._Z27read_press_perform_callbackh
                0x000000000800b390       0x20 CMakeFiles/fc_soft.elf.dir/Src/bmp180.cxx.obj
                0x000000000800b390                read_press_perform_callback(unsigned char)
 .text._Z11init_bmp180v
                0x000000000800b3b0       0x4c CMakeFiles/fc_soft.elf.dir/Src/bmp180.cxx.obj
                0x000000000800b3b0                init_bmp180()
 .text._Z12BMP180_Checkv
                0x000000000800b3fc       0x30 CMakeFiles/fc_soft.elf.dir/Src/bmp180.cxx.obj
                0x000000000800b3fc                BMP180_Check()
 .text._Z22BMP180_ReadCalibrationv
                0x000000000800b42c       0xbc CMakeFiles/fc_soft.elf.dir/Src/bmp180.cxx.obj
                0x000000000800b42c                BMP180_ReadCalibration()
 .text._Z18pressure_calculatev
                0x000000000800b4e8      0x128 CMakeFiles/fc_soft.elf.dir/Src/bmp180.cxx.obj
                0x000000000800b4e8                pressure_calculate()
 .text._Z18altitude_calculatev
                0x000000000800b610       0xd4 CMakeFiles/fc_soft.elf.dir/Src/bmp180.cxx.obj
                0x000000000800b610                altitude_calculate()
 .text._Z13bmp180_updatev
                0x000000000800b6e4      0x124 CMakeFiles/fc_soft.elf.dir/Src/bmp180.cxx.obj
                0x000000000800b6e4                bmp180_update()
 .text.EXTI15_10_IRQHandler
                0x000000000800b808       0x98 CMakeFiles/fc_soft.elf.dir/Src/hcsr04.c.obj
                0x000000000800b808                EXTI15_10_IRQHandler
 .text.EXTI9_5_IRQHandler
                0x000000000800b8a0       0x34 CMakeFiles/fc_soft.elf.dir/Src/hcsr04.c.obj
                0x000000000800b8a0                EXTI9_5_IRQHandler
 .text._Z7unstickP7I2C_Dev
                0x000000000800b8d4      0x118 CMakeFiles/fc_soft.elf.dir/Src/iic.cxx.obj
                0x000000000800b8d4                unstick(I2C_Dev*)
 .text._Z8i2c_initP7I2C_DevP11I2C_TypeDefttP15DMA_InitTypeDefm4IRQnS5_P18DMA_Stream_TypeDefmS5_mb
                0x000000000800b9ec      0x124 CMakeFiles/fc_soft.elf.dir/Src/iic.cxx.obj
                0x000000000800b9ec                i2c_init(I2C_Dev*, I2C_TypeDef*, unsigned short, unsigned short, DMA_InitTypeDef*, unsigned long, IRQn, IRQn, DMA_Stream_TypeDef*, unsigned long, IRQn, unsigned long, bool)
 .text._Z15read_data_asyncP7I2C_DevhhhPhPFvhEb
                0x000000000800bb10      0x188 CMakeFiles/fc_soft.elf.dir/Src/iic.cxx.obj
                0x000000000800bb10                read_data_async(I2C_Dev*, unsigned char, unsigned char, unsigned char, unsigned char*, void (*)(unsigned char), bool)
 .text._Z9read_dataP7I2C_DevhhPhh
                0x000000000800bc98      0x2b4 CMakeFiles/fc_soft.elf.dir/Src/iic.cxx.obj
                0x000000000800bc98                read_data(I2C_Dev*, unsigned char, unsigned char, unsigned char*, unsigned char)
 .text._Z16write_data_asyncP7I2C_DevhhPhPFvhEb
                0x000000000800bf4c      0x14c CMakeFiles/fc_soft.elf.dir/Src/iic.cxx.obj
                0x000000000800bf4c                write_data_async(I2C_Dev*, unsigned char, unsigned char, unsigned char*, void (*)(unsigned char), bool)
 .text.init_kalman_struct
                0x000000000800c098       0x14 CMakeFiles/fc_soft.elf.dir/Src/kalman_filter.c.obj
                0x000000000800c098                init_kalman_struct
 .text._Z11init_m25p16v
                0x000000000800c0ac        0xc CMakeFiles/fc_soft.elf.dir/Src/m25p16.cxx.obj
                0x000000000800c0ac                init_m25p16()
 .text._Z11read_configPhmh
                0x000000000800c0b8       0xd4 CMakeFiles/fc_soft.elf.dir/Src/m25p16.cxx.obj
                0x000000000800c0b8                read_config(unsigned char*, unsigned long, unsigned char)
 .text._Z12write_configPKhm
                0x000000000800c18c      0x1d0 CMakeFiles/fc_soft.elf.dir/Src/m25p16.cxx.obj
                0x000000000800c18c                write_config(unsigned char const*, unsigned long)
 .text.startup.main
                0x000000000800c35c      0x6b4 CMakeFiles/fc_soft.elf.dir/Src/main.cxx.obj
                0x000000000800c35c                main
 .text._Z26data_transfer_callback_mpuv
                0x000000000800ca10       0x64 CMakeFiles/fc_soft.elf.dir/Src/mpu6000.cxx.obj
                0x000000000800ca10                data_transfer_callback_mpu()
 .text._Z13calibrate_mpuv
                0x000000000800ca74      0x424 CMakeFiles/fc_soft.elf.dir/Src/mpu6000.cxx.obj
                0x000000000800ca74                calibrate_mpu()
 .text._Z8init_mpuv
                0x000000000800ce98      0x24c CMakeFiles/fc_soft.elf.dir/Src/mpu6000.cxx.obj
                0x000000000800ce98                init_mpu()
 .text._Z14compute_anglesv
                0x000000000800d0e4      0x390 CMakeFiles/fc_soft.elf.dir/Src/mpu6000.cxx.obj
                0x000000000800d0e4                compute_angles()
 .text._Z18movement_end_checkv
                0x000000000800d474       0xb8 CMakeFiles/fc_soft.elf.dir/Src/mpu6000.cxx.obj
                0x000000000800d474                movement_end_check()
 .text._Z18positions_estimatev
                0x000000000800d52c      0x168 CMakeFiles/fc_soft.elf.dir/Src/mpu6000.cxx.obj
                0x000000000800d52c                positions_estimate()
 .text.EXTI4_IRQHandler
                0x000000000800d694       0x3c CMakeFiles/fc_soft.elf.dir/Src/mpu6000.cxx.obj
                0x000000000800d694                EXTI4_IRQHandler
 .text._Z8pid_initP10PIDControlffffff7PIDMode12PIDDirection
                0x000000000800d6d0       0xf0 CMakeFiles/fc_soft.elf.dir/Src/pid.cxx.obj
                0x000000000800d6d0                pid_init(PIDControl*, float, float, float, float, float, float, PIDMode, PIDDirection)
 .text._Z11pid_computeP10PIDControl
                0x000000000800d7c0       0x88 CMakeFiles/fc_soft.elf.dir/Src/pid.cxx.obj
                0x000000000800d7c0                pid_compute(PIDControl*)
 .text._Z6microsv
                0x000000000800d848       0x40 CMakeFiles/fc_soft.elf.dir/Src/setup.cxx.obj
                0x000000000800d848                micros()
 .text._Z6millisv
                0x000000000800d888        0xc CMakeFiles/fc_soft.elf.dir/Src/setup.cxx.obj
                0x000000000800d888                millis()
 .text._Z8delay_usm
                0x000000000800d894       0x2c CMakeFiles/fc_soft.elf.dir/Src/setup.cxx.obj
                0x000000000800d894                delay_us(unsigned long)
 .text._Z8delay_msm
                0x000000000800d8c0       0x34 CMakeFiles/fc_soft.elf.dir/Src/setup.cxx.obj
                0x000000000800d8c0                delay_ms(unsigned long)
 .text._Z16chip_select_initP6CS_PinP12GPIO_TypeDeft
                0x000000000800d8f4        0x8 CMakeFiles/fc_soft.elf.dir/Src/spi.cxx.obj
                0x000000000800d8f4                chip_select_init(CS_Pin*, GPIO_TypeDef*, unsigned short)
 .text._Z8spi_initP7SPI_DevP11SPI_TypeDeftP15DMA_InitTypeDefP6CS_PinhmP18DMA_Stream_TypeDefS8_mmh
                0x000000000800d8fc      0x120 CMakeFiles/fc_soft.elf.dir/Src/spi.cxx.obj
                0x000000000800d8fc                spi_init(SPI_Dev*, SPI_TypeDef*, unsigned short, DMA_InitTypeDef*, CS_Pin*, unsigned char, unsigned long, DMA_Stream_TypeDef*, DMA_Stream_TypeDef*, unsigned long, unsigned long, unsigned char)
 .text._Z12spi_transferP7SPI_Devh
                0x000000000800da1c       0x4c CMakeFiles/fc_soft.elf.dir/Src/spi.cxx.obj
                0x000000000800da1c                spi_transfer(SPI_Dev*, unsigned char)
 .text._Z10spi_enableP6CS_Pin
                0x000000000800da68        0x8 CMakeFiles/fc_soft.elf.dir/Src/spi.cxx.obj
                0x000000000800da68                spi_enable(CS_Pin*)
 .text._Z11spi_disableP6CS_Pin
                0x000000000800da70        0x8 CMakeFiles/fc_soft.elf.dir/Src/spi.cxx.obj
                0x000000000800da70                spi_disable(CS_Pin*)
 .text._Z20spi_perform_transferP7SPI_Dev
                0x000000000800da78       0x78 CMakeFiles/fc_soft.elf.dir/Src/spi.cxx.obj
                0x000000000800da78                spi_perform_transfer(SPI_Dev*)
 .text._Z12dma_transferP7SPI_DevPhS1_mPFvvE
                0x000000000800daf0       0x40 CMakeFiles/fc_soft.elf.dir/Src/spi.cxx.obj
                0x000000000800daf0                dma_transfer(SPI_Dev*, unsigned char*, unsigned char*, unsigned long, void (*)())
 .text._Z15set_spi_divisorP7SPI_Devt
                0x000000000800db30      0x100 CMakeFiles/fc_soft.elf.dir/Src/spi.cxx.obj
                0x000000000800db30                set_spi_divisor(SPI_Dev*, unsigned short)
 .text._getpid  0x000000000800dc30        0x4 CMakeFiles/fc_soft.elf.dir/Src/syscalls.c.obj
                0x000000000800dc30                _getpid
 .text._kill    0x000000000800dc34       0x10 CMakeFiles/fc_soft.elf.dir/Src/syscalls.c.obj
                0x000000000800dc34                _kill
 .text._exit    0x000000000800dc44        0xc CMakeFiles/fc_soft.elf.dir/Src/syscalls.c.obj
                0x000000000800dc44                _exit
 .text._read    0x000000000800dc50       0x1c CMakeFiles/fc_soft.elf.dir/Src/syscalls.c.obj
                0x000000000800dc50                _read
 .text._write   0x000000000800dc6c       0x1c CMakeFiles/fc_soft.elf.dir/Src/syscalls.c.obj
                0x000000000800dc6c                _write
 .text._sbrk    0x000000000800dc88       0x3c CMakeFiles/fc_soft.elf.dir/Src/syscalls.c.obj
                0x000000000800dc88                _sbrk
 .text._close   0x000000000800dcc4        0x8 CMakeFiles/fc_soft.elf.dir/Src/syscalls.c.obj
                0x000000000800dcc4                _close
 .text._fstat   0x000000000800dccc        0xc CMakeFiles/fc_soft.elf.dir/Src/syscalls.c.obj
                0x000000000800dccc                _fstat
 .text._isatty  0x000000000800dcd8        0x4 CMakeFiles/fc_soft.elf.dir/Src/syscalls.c.obj
                0x000000000800dcd8                _isatty
 .text._lseek   0x000000000800dcdc        0x4 CMakeFiles/fc_soft.elf.dir/Src/syscalls.c.obj
                0x000000000800dcdc                _lseek
 .text._Z11init_clocksv
                0x000000000800dce0       0x7c CMakeFiles/fc_soft.elf.dir/Src/system_init.cxx.obj
                0x000000000800dce0                init_clocks()
 .text._Z9init_gpiov
                0x000000000800dd5c      0x1d4 CMakeFiles/fc_soft.elf.dir/Src/system_init.cxx.obj
                0x000000000800dd5c                init_gpio()
 .text._Z11init_timersv
                0x000000000800df30      0x124 CMakeFiles/fc_soft.elf.dir/Src/system_init.cxx.obj
                0x000000000800df30                init_timers()
 .text._Z11system_initv
                0x000000000800e054      0x2ec CMakeFiles/fc_soft.elf.dir/Src/system_init.cxx.obj
                0x000000000800e054                system_init()
 .text._Z11write_motorht
                0x000000000800e340       0x10 CMakeFiles/fc_soft.elf.dir/Src/system_init.cxx.obj
                0x000000000800e340                write_motor(unsigned char, unsigned short)
 .text.SystemInit
                0x000000000800e350      0x110 CMakeFiles/fc_soft.elf.dir/Src/system_stm32f4xx.c.obj
                0x000000000800e350                SystemInit
 .text.Reset_Handler
                0x000000000800e460       0x50 CMakeFiles/fc_soft.elf.dir/startup/startup_stm32f405xx.s.obj
                0x000000000800e460                Reset_Handler
 .text.Default_Handler
                0x000000000800e4b0        0x2 CMakeFiles/fc_soft.elf.dir/startup/startup_stm32f405xx.s.obj
                0x000000000800e4b0                RTC_Alarm_IRQHandler
                0x000000000800e4b0                HASH_RNG_IRQHandler
                0x000000000800e4b0                EXTI2_IRQHandler
                0x000000000800e4b0                TIM8_CC_IRQHandler
                0x000000000800e4b0                DebugMon_Handler
                0x000000000800e4b0                TIM1_CC_IRQHandler
                0x000000000800e4b0                DMA2_Stream5_IRQHandler
                0x000000000800e4b0                HardFault_Handler
                0x000000000800e4b0                DMA1_Stream5_IRQHandler
                0x000000000800e4b0                SysTick_Handler
                0x000000000800e4b0                PVD_IRQHandler
                0x000000000800e4b0                SDIO_IRQHandler
                0x000000000800e4b0                TAMP_STAMP_IRQHandler
                0x000000000800e4b0                PendSV_Handler
                0x000000000800e4b0                NMI_Handler
                0x000000000800e4b0                CAN2_RX1_IRQHandler
                0x000000000800e4b0                EXTI3_IRQHandler
                0x000000000800e4b0                TIM8_TRG_COM_TIM14_IRQHandler
                0x000000000800e4b0                TIM1_UP_TIM10_IRQHandler
                0x000000000800e4b0                TIM8_UP_TIM13_IRQHandler
                0x000000000800e4b0                I2C3_ER_IRQHandler
                0x000000000800e4b0                EXTI0_IRQHandler
                0x000000000800e4b0                I2C2_EV_IRQHandler
                0x000000000800e4b0                DMA1_Stream2_IRQHandler
                0x000000000800e4b0                CAN1_RX0_IRQHandler
                0x000000000800e4b0                FPU_IRQHandler
                0x000000000800e4b0                OTG_HS_WKUP_IRQHandler
                0x000000000800e4b0                UsageFault_Handler
                0x000000000800e4b0                CAN2_SCE_IRQHandler
                0x000000000800e4b0                DMA2_Stream2_IRQHandler
                0x000000000800e4b0                SPI1_IRQHandler
                0x000000000800e4b0                TIM6_DAC_IRQHandler
                0x000000000800e4b0                TIM1_BRK_TIM9_IRQHandler
                0x000000000800e4b0                CAN2_RX0_IRQHandler
                0x000000000800e4b0                DMA2_Stream3_IRQHandler
                0x000000000800e4b0                USART6_IRQHandler
                0x000000000800e4b0                USART3_IRQHandler
                0x000000000800e4b0                CAN1_RX1_IRQHandler
                0x000000000800e4b0                UART5_IRQHandler
                0x000000000800e4b0                DMA2_Stream0_IRQHandler
                0x000000000800e4b0                TIM4_IRQHandler
                0x000000000800e4b0                I2C1_EV_IRQHandler
                0x000000000800e4b0                DMA1_Stream6_IRQHandler
                0x000000000800e4b0                DMA1_Stream1_IRQHandler
                0x000000000800e4b0                UART4_IRQHandler
                0x000000000800e4b0                TIM3_IRQHandler
                0x000000000800e4b0                RCC_IRQHandler
                0x000000000800e4b0                TIM8_BRK_TIM12_IRQHandler
                0x000000000800e4b0                Default_Handler
                0x000000000800e4b0                ADC_IRQHandler
                0x000000000800e4b0                DMA1_Stream7_IRQHandler
                0x000000000800e4b0                TIM7_IRQHandler
                0x000000000800e4b0                CAN2_TX_IRQHandler
                0x000000000800e4b0                TIM5_IRQHandler
                0x000000000800e4b0                DMA2_Stream7_IRQHandler
                0x000000000800e4b0                I2C3_EV_IRQHandler
                0x000000000800e4b0                RTC_WKUP_IRQHandler
                0x000000000800e4b0                SPI2_IRQHandler
                0x000000000800e4b0                OTG_HS_EP1_IN_IRQHandler
                0x000000000800e4b0                MemManage_Handler
                0x000000000800e4b0                DMA1_Stream0_IRQHandler
                0x000000000800e4b0                CAN1_TX_IRQHandler
                0x000000000800e4b0                SVC_Handler
                0x000000000800e4b0                FSMC_IRQHandler
                0x000000000800e4b0                OTG_HS_EP1_OUT_IRQHandler
                0x000000000800e4b0                WWDG_IRQHandler
                0x000000000800e4b0                TIM2_IRQHandler
                0x000000000800e4b0                TIM1_TRG_COM_TIM11_IRQHandler
                0x000000000800e4b0                OTG_HS_IRQHandler
                0x000000000800e4b0                EXTI1_IRQHandler
                0x000000000800e4b0                USART2_IRQHandler
                0x000000000800e4b0                I2C2_ER_IRQHandler
                0x000000000800e4b0                DMA2_Stream1_IRQHandler
                0x000000000800e4b0                CAN1_SCE_IRQHandler
                0x000000000800e4b0                FLASH_IRQHandler
                0x000000000800e4b0                DMA2_Stream4_IRQHandler
                0x000000000800e4b0                BusFault_Handler
                0x000000000800e4b0                USART1_IRQHandler
                0x000000000800e4b0                SPI3_IRQHandler
                0x000000000800e4b0                DMA1_Stream4_IRQHandler
                0x000000000800e4b0                I2C1_ER_IRQHandler
                0x000000000800e4b0                DMA2_Stream6_IRQHandler
                0x000000000800e4b0                DMA1_Stream3_IRQHandler
 .text._ZN10__cxxabiv111__terminateEPFvvE
                0x000000000800e4b2        0x8 /usr/lib/gcc/arm-none-eabi/9.2.1/../../../arm-none-eabi/lib/thumb/v7e-m/nofp/libstdc++_nano.a(eh_terminate.o)
                0x000000000800e4b2                __cxxabiv1::__terminate(void (*)())
 *fill*         0x000000000800e4ba        0x2 
 .text._ZSt13get_terminatev
                0x000000000800e4bc       0x10 /usr/lib/gcc/arm-none-eabi/9.2.1/../../../arm-none-eabi/lib/thumb/v7e-m/nofp/libstdc++_nano.a(eh_terminate.o)
                0x000000000800e4bc                std::get_terminate()
 .text._ZSt9terminatev
                0x000000000800e4cc        0xa /usr/lib/gcc/arm-none-eabi/9.2.1/../../../arm-none-eabi/lib/thumb/v7e-m/nofp/libstdc++_nano.a(eh_terminate.o)
                0x000000000800e4cc                std::terminate()
 .text._ZN10__cxxabiv112__unexpectedEPFvvE
                0x000000000800e4d6        0x8 /usr/lib/gcc/arm-none-eabi/9.2.1/../../../arm-none-eabi/lib/thumb/v7e-m/nofp/libstdc++_nano.a(eh_terminate.o)
                0x000000000800e4d6                __cxxabiv1::__unexpected(void (*)())
 *fill*         0x000000000800e4de        0x2 
 .text._ZSt14get_unexpectedv
                0x000000000800e4e0       0x10 /usr/lib/gcc/arm-none-eabi/9.2.1/../../../arm-none-eabi/lib/thumb/v7e-m/nofp/libstdc++_nano.a(eh_terminate.o)
                0x000000000800e4e0                std::get_unexpected()
 .text._ZSt10unexpectedv
                0x000000000800e4f0        0xa /usr/lib/gcc/arm-none-eabi/9.2.1/../../../arm-none-eabi/lib/thumb/v7e-m/nofp/libstdc++_nano.a(eh_terminate.o)
                0x000000000800e4f0                std::unexpected()
 .text._ZN10__cxxabiv1L24__is_gxx_exception_classEPc
                0x000000000800e4fa       0x3a /usr/lib/gcc/arm-none-eabi/9.2.1/../../../arm-none-eabi/lib/thumb/v7e-m/nofp/libstdc++_nano.a(eh_arm.o)
 .text.__cxa_type_match
                0x000000000800e534       0xbc /usr/lib/gcc/arm-none-eabi/9.2.1/../../../arm-none-eabi/lib/thumb/v7e-m/nofp/libstdc++_nano.a(eh_arm.o)
                0x000000000800e534                __cxa_type_match
 .text.__cxa_begin_cleanup
                0x000000000800e5f0       0x3a /usr/lib/gcc/arm-none-eabi/9.2.1/../../../arm-none-eabi/lib/thumb/v7e-m/nofp/libstdc++_nano.a(eh_arm.o)
                0x000000000800e5f0                __cxa_begin_cleanup
 .text._ZN10__cxxabiv1L24__is_gxx_exception_classEPc
                0x000000000800e62a       0x3a /usr/lib/gcc/arm-none-eabi/9.2.1/../../../arm-none-eabi/lib/thumb/v7e-m/nofp/libstdc++_nano.a(eh_call.o)
 .text.__cxa_call_unexpected
                0x000000000800e664       0x28 /usr/lib/gcc/arm-none-eabi/9.2.1/../../../arm-none-eabi/lib/thumb/v7e-m/nofp/libstdc++_nano.a(eh_call.o)
                0x000000000800e664                __cxa_call_unexpected
 .text._ZN10__cxxabiv1L24__is_gxx_exception_classEPc
                0x000000000800e68c       0x3a /usr/lib/gcc/arm-none-eabi/9.2.1/../../../arm-none-eabi/lib/thumb/v7e-m/nofp/libstdc++_nano.a(eh_catch.o)
 .text.__cxa_begin_catch
                0x000000000800e6c6       0x52 /usr/lib/gcc/arm-none-eabi/9.2.1/../../../arm-none-eabi/lib/thumb/v7e-m/nofp/libstdc++_nano.a(eh_catch.o)
                0x000000000800e6c6                __cxa_begin_catch
 .text.__cxa_get_globals
                0x000000000800e718        0x8 /usr/lib/gcc/arm-none-eabi/9.2.1/../../../arm-none-eabi/lib/thumb/v7e-m/nofp/libstdc++_nano.a(eh_globals.o)
                0x000000000800e718                __cxa_get_globals
 .text._ZN10__cxxabiv120__si_class_type_infoD2Ev
                0x000000000800e720       0x14 /usr/lib/gcc/arm-none-eabi/9.2.1/../../../arm-none-eabi/lib/thumb/v7e-m/nofp/libstdc++_nano.a(si_class_type_info.o)
                0x000000000800e720                __cxxabiv1::__si_class_type_info::~__si_class_type_info()
                0x000000000800e720                __cxxabiv1::__si_class_type_info::~__si_class_type_info()
 .text._ZN10__cxxabiv120__si_class_type_infoD0Ev
                0x000000000800e734       0x14 /usr/lib/gcc/arm-none-eabi/9.2.1/../../../arm-none-eabi/lib/thumb/v7e-m/nofp/libstdc++_nano.a(si_class_type_info.o)
                0x000000000800e734                __cxxabiv1::__si_class_type_info::~__si_class_type_info()
 .text._ZNK10__cxxabiv120__si_class_type_info20__do_find_public_srcEiPKvPKNS_17__class_type_infoES2_
                0x000000000800e748       0x3c /usr/lib/gcc/arm-none-eabi/9.2.1/../../../arm-none-eabi/lib/thumb/v7e-m/nofp/libstdc++_nano.a(si_class_type_info.o)
                0x000000000800e748                __cxxabiv1::__si_class_type_info::__do_find_public_src(int, void const*, __cxxabiv1::__class_type_info const*, void const*) const
 .text._ZNK10__cxxabiv120__si_class_type_info12__do_dyncastEiNS_17__class_type_info10__sub_kindEPKS1_PKvS4_S6_RNS1_16__dyncast_resultE
                0x000000000800e784       0x74 /usr/lib/gcc/arm-none-eabi/9.2.1/../../../arm-none-eabi/lib/thumb/v7e-m/nofp/libstdc++_nano.a(si_class_type_info.o)
                0x000000000800e784                __cxxabiv1::__si_class_type_info::__do_dyncast(int, __cxxabiv1::__class_type_info::__sub_kind, __cxxabiv1::__class_type_info const*, void const*, __cxxabiv1::__class_type_info const*, void const*, __cxxabiv1::__class_type_info::__dyncast_result&) const
 .text._ZNK10__cxxabiv120__si_class_type_info11__do_upcastEPKNS_17__class_type_infoEPKvRNS1_15__upcast_resultE
                0x000000000800e7f8       0x2a /usr/lib/gcc/arm-none-eabi/9.2.1/../../../arm-none-eabi/lib/thumb/v7e-m/nofp/libstdc++_nano.a(si_class_type_info.o)
                0x000000000800e7f8                __cxxabiv1::__si_class_type_info::__do_upcast(__cxxabiv1::__class_type_info const*, void const*, __cxxabiv1::__class_type_info::__upcast_result&) const
 .text._ZNSt9type_infoD2Ev
                0x000000000800e822        0x2 /usr/lib/gcc/arm-none-eabi/9.2.1/../../../arm-none-eabi/lib/thumb/v7e-m/nofp/libstdc++_nano.a(tinfo.o)
                0x000000000800e822                std::type_info::~type_info()
                0x000000000800e822                std::type_info::~type_info()
 .text._ZNKSt9type_info14__is_pointer_pEv
                0x000000000800e824        0x4 /usr/lib/gcc/arm-none-eabi/9.2.1/../../../arm-none-eabi/lib/thumb/v7e-m/nofp/libstdc++_nano.a(tinfo.o)
                0x000000000800e824                std::type_info::__is_function_p() const
                0x000000000800e824                std::type_info::__is_pointer_p() const
 .text._ZNKSt9type_infoeqERKS_
                0x000000000800e828       0x2c /usr/lib/gcc/arm-none-eabi/9.2.1/../../../arm-none-eabi/lib/thumb/v7e-m/nofp/libstdc++_nano.a(tinfo.o)
                0x000000000800e828                std::type_info::operator==(std::type_info const&) const
 .text._ZNK10__cxxabiv117__class_type_info11__do_upcastEPKS0_PPv
                0x000000000800e854       0x34 /usr/lib/gcc/arm-none-eabi/9.2.1/../../../arm-none-eabi/lib/thumb/v7e-m/nofp/libstdc++_nano.a(class_type_info.o)
                0x000000000800e854                __cxxabiv1::__class_type_info::__do_upcast(__cxxabiv1::__class_type_info const*, void**) const
 .text._ZNK10__cxxabiv117__class_type_info20__do_find_public_srcEiPKvPKS0_S2_
                0x000000000800e888        0xc /usr/lib/gcc/arm-none-eabi/9.2.1/../../../arm-none-eabi/lib/thumb/v7e-m/nofp/libstdc++_nano.a(class_type_info.o)
                0x000000000800e888                __cxxabiv1::__class_type_info::__do_find_public_src(int, void const*, __cxxabiv1::__class_type_info const*, void const*) const
 .text._ZN10__cxxabiv117__class_type_infoD2Ev
                0x000000000800e894       0x14 /usr/lib/gcc/arm-none-eabi/9.2.1/../../../arm-none-eabi/lib/thumb/v7e-m/nofp/libstdc++_nano.a(class_type_info.o)
                0x000000000800e894                __cxxabiv1::__class_type_info::~__class_type_info()
                0x000000000800e894                __cxxabiv1::__class_type_info::~__class_type_info()
 .text._ZN10__cxxabiv117__class_type_infoD0Ev
                0x000000000800e8a8       0x14 /usr/lib/gcc/arm-none-eabi/9.2.1/../../../arm-none-eabi/lib/thumb/v7e-m/nofp/libstdc++_nano.a(class_type_info.o)
                0x000000000800e8a8                __cxxabiv1::__class_type_info::~__class_type_info()
 .text._ZNK10__cxxabiv117__class_type_info12__do_dyncastEiNS0_10__sub_kindEPKS0_PKvS3_S5_RNS0_16__dyncast_resultE
                0x000000000800e8bc       0x3e /usr/lib/gcc/arm-none-eabi/9.2.1/../../../arm-none-eabi/lib/thumb/v7e-m/nofp/libstdc++_nano.a(class_type_info.o)
                0x000000000800e8bc                __cxxabiv1::__class_type_info::__do_dyncast(int, __cxxabiv1::__class_type_info::__sub_kind, __cxxabiv1::__class_type_info const*, void const*, __cxxabiv1::__class_type_info const*, void const*, __cxxabiv1::__class_type_info::__dyncast_result&) const
 .text._ZNK10__cxxabiv117__class_type_info11__do_upcastEPKS0_PKvRNS0_15__upcast_resultE
                0x000000000800e8fa       0x18 /usr/lib/gcc/arm-none-eabi/9.2.1/../../../arm-none-eabi/lib/thumb/v7e-m/nofp/libstdc++_nano.a(class_type_info.o)
                0x000000000800e8fa                __cxxabiv1::__class_type_info::__do_upcast(__cxxabiv1::__class_type_info const*, void const*, __cxxabiv1::__class_type_info::__upcast_result&) const
 .text._ZNK10__cxxabiv117__class_type_info10__do_catchEPKSt9type_infoPPvj
                0x000000000800e912       0x2a /usr/lib/gcc/arm-none-eabi/9.2.1/../../../arm-none-eabi/lib/thumb/v7e-m/nofp/libstdc++_nano.a(class_type_info.o)
                0x000000000800e912                __cxxabiv1::__class_type_info::__do_catch(std::type_info const*, void**, unsigned int) const
 .text._ZdlPvj  0x000000000800e93c        0x4 /usr/lib/gcc/arm-none-eabi/9.2.1/../../../arm-none-eabi/lib/thumb/v7e-m/nofp/libstdc++_nano.a(del_ops.o)
                0x000000000800e93c                operator delete(void*, unsigned int)
 .text._ZdlPv   0x000000000800e940        0x4 /usr/lib/gcc/arm-none-eabi/9.2.1/../../../arm-none-eabi/lib/thumb/v7e-m/nofp/libstdc++_nano.a(del_op.o)
                0x000000000800e940                operator delete(void*)
 *(.glue_7)
 .glue_7        0x000000000800e944        0x0 linker stubs
 *(.glue_7t)
 .glue_7t       0x000000000800e944        0x0 linker stubs
 *(.eh_frame)
 .eh_frame      0x000000000800e944        0x0 /usr/lib/gcc/arm-none-eabi/9.2.1/thumb/v7e-m/nofp/crtbegin.o
 *(.init)
 .init          0x000000000800e944        0x4 /usr/lib/gcc/arm-none-eabi/9.2.1/thumb/v7e-m/nofp/crti.o
                0x000000000800e944                _init
 .init          0x000000000800e948        0x8 /usr/lib/gcc/arm-none-eabi/9.2.1/thumb/v7e-m/nofp/crtn.o
 *(.fini)
 .fini          0x000000000800e950        0x4 /usr/lib/gcc/arm-none-eabi/9.2.1/thumb/v7e-m/nofp/crti.o
                0x000000000800e950                _fini
 .fini          0x000000000800e954        0x8 /usr/lib/gcc/arm-none-eabi/9.2.1/thumb/v7e-m/nofp/crtn.o
                0x000000000800e95c                . = ALIGN (0x4)
                0x000000000800e95c                _etext = .

.vfp11_veneer   0x000000000800e95c        0x0
 .vfp11_veneer  0x000000000800e95c        0x0 linker stubs

.v4_bx          0x000000000800e95c        0x0
 .v4_bx         0x000000000800e95c        0x0 linker stubs
